Component: ARM Compiler 5.06 update 3 (build 300) Tool: armlink [4d35c9]

==============================================================================

Memory Map of the image

  Image Entry point : 0x080001ad

  Load Region LR_IROM1 (Base: 0x08000000, Size: 0x0001253c, Max: 0x00200000, ABSOLUTE, COMPRESSED[0x000123dc])

    Execution Region ER_IROM1 (Base: 0x08000000, Size: 0x00012390, Max: 0x00200000, ABSOLUTE)

    Base Addr    Size         Type   Attr      Idx    E Section Name        Object

    0x08000000   0x000001ac   Data   RO         4365    RESET               startup_stm32f429xx.o
    0x080001ac   0x00000008   Code   RO         9048  * !!!main             c_w.l(__main.o)
    0x080001b4   0x00000034   Code   RO        10706    !!!scatter          c_w.l(__scatter.o)
    0x080001e8   0x0000005a   Code   RO        10704    !!dczerorl2         c_w.l(__dczerorl2.o)
    0x08000242   0x00000002   PAD
    0x08000244   0x0000001c   Code   RO        10708    !!handler_zi        c_w.l(__scatter_zi.o)
    0x08000260   0x00000000   Code   RO         8962    .ARM.Collect$$_printf_percent$$00000000  c_w.l(_printf_percent.o)
    0x08000260   0x00000006   Code   RO         9433    .ARM.Collect$$_printf_percent$$00000001  c_w.l(_printf_n.o)
    0x08000266   0x00000006   Code   RO         8958    .ARM.Collect$$_printf_percent$$00000002  c_w.l(_printf_p.o)
    0x0800026c   0x00000006   Code   RO         8961    .ARM.Collect$$_printf_percent$$00000003  c_w.l(_printf_f.o)
    0x08000272   0x00000006   Code   RO         9436    .ARM.Collect$$_printf_percent$$00000004  c_w.l(_printf_e.o)
    0x08000278   0x00000006   Code   RO         9437    .ARM.Collect$$_printf_percent$$00000005  c_w.l(_printf_g.o)
    0x0800027e   0x00000006   Code   RO         9438    .ARM.Collect$$_printf_percent$$00000006  c_w.l(_printf_a.o)
    0x08000284   0x0000000a   Code   RO         9443    .ARM.Collect$$_printf_percent$$00000007  c_w.l(_printf_ll.o)
    0x0800028e   0x00000006   Code   RO         9435    .ARM.Collect$$_printf_percent$$00000008  c_w.l(_printf_i.o)
    0x08000294   0x00000006   Code   RO         8959    .ARM.Collect$$_printf_percent$$00000009  c_w.l(_printf_d.o)
    0x0800029a   0x00000006   Code   RO         8960    .ARM.Collect$$_printf_percent$$0000000A  c_w.l(_printf_u.o)
    0x080002a0   0x00000006   Code   RO         9434    .ARM.Collect$$_printf_percent$$0000000B  c_w.l(_printf_o.o)
    0x080002a6   0x00000006   Code   RO         8957    .ARM.Collect$$_printf_percent$$0000000C  c_w.l(_printf_x.o)
    0x080002ac   0x00000006   Code   RO         9440    .ARM.Collect$$_printf_percent$$0000000D  c_w.l(_printf_lli.o)
    0x080002b2   0x00000006   Code   RO         9441    .ARM.Collect$$_printf_percent$$0000000E  c_w.l(_printf_lld.o)
    0x080002b8   0x00000006   Code   RO         9442    .ARM.Collect$$_printf_percent$$0000000F  c_w.l(_printf_llu.o)
    0x080002be   0x00000006   Code   RO         9447    .ARM.Collect$$_printf_percent$$00000010  c_w.l(_printf_llo.o)
    0x080002c4   0x00000006   Code   RO         9448    .ARM.Collect$$_printf_percent$$00000011  c_w.l(_printf_llx.o)
    0x080002ca   0x0000000a   Code   RO         9444    .ARM.Collect$$_printf_percent$$00000012  c_w.l(_printf_l.o)
    0x080002d4   0x00000006   Code   RO         9432    .ARM.Collect$$_printf_percent$$00000013  c_w.l(_printf_c.o)
    0x080002da   0x00000006   Code   RO         8956    .ARM.Collect$$_printf_percent$$00000014  c_w.l(_printf_s.o)
    0x080002e0   0x00000006   Code   RO         9445    .ARM.Collect$$_printf_percent$$00000015  c_w.l(_printf_lc.o)
    0x080002e6   0x00000006   Code   RO         9446    .ARM.Collect$$_printf_percent$$00000016  c_w.l(_printf_ls.o)
    0x080002ec   0x00000004   Code   RO         9439    .ARM.Collect$$_printf_percent$$00000017  c_w.l(_printf_percent_end.o)
    0x080002f0   0x00000002   Code   RO         9047    .ARM.Collect$$libinit$$00000000  c_w.l(libinit.o)
    0x080002f2   0x00000004   Code   RO         9502    .ARM.Collect$$libinit$$00000001  c_w.l(libinit2.o)
    0x080002f6   0x00000000   Code   RO         9505    .ARM.Collect$$libinit$$00000004  c_w.l(libinit2.o)
    0x080002f6   0x00000008   Code   RO         9506    .ARM.Collect$$libinit$$00000005  c_w.l(libinit2.o)
    0x080002fe   0x00000000   Code   RO         9508    .ARM.Collect$$libinit$$0000000A  c_w.l(libinit2.o)
    0x080002fe   0x00000000   Code   RO         9510    .ARM.Collect$$libinit$$0000000C  c_w.l(libinit2.o)
    0x080002fe   0x00000000   Code   RO         9512    .ARM.Collect$$libinit$$0000000E  c_w.l(libinit2.o)
    0x080002fe   0x00000006   Code   RO         9513    .ARM.Collect$$libinit$$0000000F  c_w.l(libinit2.o)
    0x08000304   0x00000000   Code   RO         9515    .ARM.Collect$$libinit$$00000011  c_w.l(libinit2.o)
    0x08000304   0x0000000c   Code   RO         9516    .ARM.Collect$$libinit$$00000012  c_w.l(libinit2.o)
[...]
    0x080007bc   0x00000094   Code   RO         8933    .text               c_w.l(_printf_hex_int_ll_ptr.o)
    0x08000850   0x00000188   Code   RO         8953    .text               c_w.l(__printf_flags_ss_wp.o)
    0x080009d8   0x0000003c   Code   RO         8965    .text               c_w.l(__0sscanf.o)
    0x08000a14   0x0000014c   Code   RO         8967    .text               c_w.l(_scanf_int.o)
    0x08000b60   0x0000004c   Code   RO         8995    .text               c_w.l(fclose.o)
    0x08000bac   0x00000090   Code   RO         9003    .text               c_w.l(fflush_locked.o)
    0x08000c3c   0x00000144   Code   RO         9005    .text               c_w.l(fopen_locked.o)
    0x08000d80   0x00000058   Code   RO         9014    .text               c_w.l(memcmp.o)
    0x08000dd8   0x0000003e   Code   RO         9016    .text               c_w.l(strlen.o)
    0x08000e16   0x00000096   Code   RO         9018    .text               c_w.l(strncmp.o)
    0x08000eac   0x0000008a   Code   RO         9020    .text               c_w.l(rt_memcpy_v6.o)
    0x08000f36   0x00000084   Code   RO         9022    .text               c_w.l(rt_memmove_v6.o)
    0x08000fba   0x00000008   Code   RO         9024    .text               c_w.l(memcpy.o)
    0x08000fc2   0x00000064   Code   RO         9026    .text               c_w.l(rt_memcpy_w.o)
    0x08001026   0x00000016   Code   RO         9028    .text               c_w.l(memset.o)
    0x0800103c   0x00000010   Code   RO         9030    .text               c_w.l(aeabi_memset.o)
    0x0800104c   0x00000044   Code   RO         9032    .text               c_w.l(rt_memclr.o)
    0x08001090   0x0000004e   Code   RO         9034    .text               c_w.l(rt_memclr_w.o)
    0x080010de   0x00000002   PAD
    0x080010e0   0x00000080   Code   RO         9038    .text               c_w.l(strcmpv7m.o)
    0x08001160   0x00000006   Code   RO         9045    .text               c_w.l(heapauxi.o)
    0x08001166   0x00000002   PAD
    0x08001168   0x00000024   Code   RO         9053    .text               c_w.l(init_aeabi.o)
    0x0800118c   0x00000022   Code   RO         9325    .text               cpprt_w.l(aeabi_vec_dtor_noexceptions.o)
    0x080011ae   0x0000000a   Code   RO         9374    .text               c_w.l(rt_heap_descriptor_twolibspace.o)
    0x080011b8   0x0000000a   Code   RO         9381    .text               c_w.l(rt_locale_twolibspace.o)
    0x080011c2   0x00000004   Code   RO         9383    .text               c_w.l(hguard.o)
    0x080011c6   0x0000008a   Code   RO         9385    .text               c_w.l(init_alloc.o)
    0x08001250   0x00000012   Code   RO         9391    .text               c_w.l(h1_init_mt.o)
    0x08001262   0x00000024   Code   RO         9403    .text               c_w.l(_printf_truncate.o)
    0x08001286   0x000000b2   Code   RO         9405    .text               c_w.l(_printf_intcommon.o)
    0x08001338   0x00000028   Code   RO         9407    .text               c_w.l(_printf_charcount.o)
    0x08001360   0x0000041a   Code   RO         9409    .text               c_w.l(_printf_fp_dec.o)
    0x0800177a   0x00000002   PAD
    0x0800177c   0x00000030   Code   RO         9411    .text               c_w.l(_printf_char_common.o)
    0x080017ac   0x0000000a   Code   RO         9413    .text               c_w.l(_sputc.o)
    0x080017b6   0x00000010   Code   RO         9415    .text               c_w.l(_snputc.o)
    0x080017c6   0x0000002c   Code   RO         9417    .text               c_w.l(_printf_char.o)
    0x080017f2   0x00000002   PAD
    0x080017f4   0x000000bc   Code   RO         9421    .text               c_w.l(_printf_wctomb.o)
    0x080018b0   0x0000007c   Code   RO         9424    .text               c_w.l(_printf_longlong_dec.o)
    0x0800192c   0x00000070   Code   RO         9430    .text               c_w.l(_printf_oct_int_ll.o)
    0x0800199c   0x0000001c   Code   RO         9449    .text               c_w.l(_chval.o)
    0x080019b8   0x00000156   Code   RO         9451    .text               c_w.l(_scanf_longlong.o)
    0x08001b0e   0x000000e0   Code   RO         9453    .text               c_w.l(_scanf_str.o)
    0x08001bee   0x00000002   PAD
    0x08001bf0   0x0000002c   Code   RO         9455    .text               c_w.l(scanf_char.o)
    0x08001c1c   0x00000040   Code   RO         9457    .text               c_w.l(_sgetc.o)
    0x08001c5c   0x00000114   Code   RO         9461    .text               c_w.l(_scanf_mbtowc.o)
    0x08001d70   0x000000e8   Code   RO         9463    .text               c_w.l(_scanf_wctomb.o)
    0x08001e58   0x000000d0   Code   RO         9465    .text               c_w.l(_scanf_wstr.o)
    0x08001f28   0x000001d6   Code   RO         9471    .text               c_w.l(flsbuf.o)
    0x080020fe   0x00000002   PAD
    0x08002100   0x000000f8   Code   RO         9473    .text               c_w.l(fseek.o)
    0x080021f8   0x000000f0   Code   RO         9477    .text               c_w.l(stdio.o)
    0x080022e8   0x00000068   Code   RO         9484    .text               c_w.l(setvbuf_locked.o)
    0x08002350   0x000001c8   Code   RO         9486    .text               c_w.l(initio_locked.o)
    0x08002518   0x0000000e   Code   RO         9491    .text               c_w.l(defsig_pvfn_outer.o)
    0x08002526   0x0000007a   Code   RO         9495    .text               c_w.l(rt_memmove_w.o)
    0x080025a0   0x0000003e   Code   RO         9743    .text               c_w.l(h1_extend_mt.o)
    0x080025de   0x0000008a   Code   RO         9745    .text               c_w.l(lludiv10.o)
    0x08002668   0x00000012   Code   RO         9747    .text               c_w.l(isspace.o)
    0x0800267a   0x00000014   Code   RO         9749    .text               c_w.l(fprintf.o)
    0x0800268e   0x00000002   PAD
    0x08002690   0x00000034   Code   RO         9751    .text               c_w.l(vsnprintf.o)
    0x080026c4   0x000002fc   Code   RO         9753    .text               c_w.l(_printf_fp_hex.o)
    0x080029c0   0x00000080   Code   RO         9756    .text               c_w.l(_printf_fp_infnan.o)
    0x08002a40   0x00000040   Code   RO         9760    .text               c_w.l(_printf_char_file_locked.o)
    0x08002a80   0x0000002c   Code   RO         9762    .text               c_w.l(_printf_wchar.o)
    0x08002aac   0x0000003c   Code   RO         9764    .text               c_w.l(sscanf.o)
    0x08002ae8   0x00000374   Code   RO         9766    .text               c_w.l(_scanf.o)
    0x08002e5c   0x000004a4   Code   RO         9768    .text               c_w.l(scanf_fp.o)
    0x08003300   0x0000001e   Code   RO         9772    .text               c_w.l(_scanf_wcharmap.o)
    0x0800331e   0x00000002   PAD
    0x08003320   0x000000dc   Code   RO         9774    .text               c_w.l(bigflt0.o)
    0x080033fc   0x00000042   Code   RO         9801    .text               c_w.l(ftell.o)
    0x0800343e   0x0000003c   Code   RO         9825    .text               c_w.l(_mbrtowc.o)
    0x0800347a   0x00000040   Code   RO         9827    .text               c_w.l(_wcrtomb.o)
    0x080034ba   0x00000016   Code   RO         9832    .text               c_w.l(abort.o)
    0x080034d0   0x0000000a   Code   RO         9834    .text               c_w.l(defsig_exit.o)
    0x080034da   0x0000000e   Code   RO         9836    .text               c_w.l(defsig_rtred_outer.o)
    0x080034e8   0x0000000e   Code   RO         9840    .text               c_w.l(defsig_rtmem_outer.o)
    0x080034f6   0x00000002   PAD
    0x080034f8   0x00000030   Code   RO         9844    .text               c_w.l(defsig_pvfn_inner.o)
    0x08003528   0x00000048   Code   RO         9848    .text               c_w.l(strcpy.o)
    0x08003570   0x00000016   Code   RO         9850    .text               c_w.l(strrchr.o)
    0x08003586   0x00000018   Code   RO         9852    .text               c_w.l(strcat.o)
    0x0800359e   0x0000000e   Code   RO        10380    .text               cpprt_w.l(aeabi_vec_delete_noexceptions.o)
    0x080035ac   0x0000001a   Code   RO        10390    .text               cpprt_w.l(arm_exceptions_terminate.o)
    0x080035c6   0x00000002   PAD
    0x080035c8   0x00000050   Code   RO        10393    .text               cpprt_w.l(arm_exceptions_globs.o)
    0x08003618   0x0000000c   Code   RO        10408    .text               c_w.l(sys_exit.o)
    0x08003624   0x0000000a   Code   RO        10415    .text               c_w.l(rt_eh_globals_addr_twolibspace.o)
    0x0800362e   0x00000004   Code   RO        10422    .text               c_w.l(rt_errno_addr_twolibspace.o)
    0x08003632   0x00000002   PAD
    0x08003634   0x00000010   Code   RO        10428    .text               c_w.l(locale.o)
    0x08003644   0x00000032   Code   RO        10442    .text               c_w.l(defsig_general.o)
    0x08003676   0x0000000e   Code   RO        10444    .text               c_w.l(defsig_abrt_outer.o)
    0x08003684   0x00000034   Code   RO        10452    .text               c_w.l(defsig_rtred_inner.o)
    0x080036b8   0x00000050   Code   RO        10454    .text               c_w.l(defsig_rtmem_inner.o)
    0x08003708   0x0000001c   Code   RO        10553    .text               cpprt_w.l(ARM_vec_cleanup_noexceptions.o)
    0x08003724   0x00000002   Code   RO        10556    .text               cpprt_w.l(arm_rethrow_noexceptions.o)
    0x08003726   0x0000003c   Code   RO        10574    .text               cpprt_w.l(arm_exceptions_mem.o)
    0x08003762   0x0000000e   Code   RO        10604    .text               c_w.l(sys_wrch.o)
    0x08003770   0x00000002   Code   RO        10606    .text               c_w.l(use_no_semi.o)
    0x08003772   0x00000000   Code   RO        10608    .text               c_w.l(indicate_semi.o)
    0x08003772   0x00000016   Code   RO        10613    .text               c_w.l(_rserrno.o)
    0x08003788   0x00000320   Code   RO        10617    .text               c_w.l(scanf_hexfp.o)
    0x08003aa8   0x00000134   Code   RO        10619    .text               c_w.l(scanf_infnan.o)
    0x08003bdc   0x000001ac   Code   RO        10625    .text               c_w.l(locale_r.o)
    0x08003d88   0x00000030   Code   RO        10632    .text               c_w.l(defsig_abrt_inner.o)
    0x08003db8   0x00000026   Code   RO        10646    .text               c_w.l(llshl.o)
    0x08003dde   0x0000003e   Code   RO         9777    CL$$btod_d2e        c_w.l(btod.o)
    0x08003e1c   0x00000046   Code   RO         9779    CL$$btod_d2e_denorm_low  c_w.l(btod.o)
    0x08003e62   0x00000060   Code   RO         9778    CL$$btod_d2e_norm_op1  c_w.l(btod.o)
    0x08003ec2   0x00000338   Code   RO         9787    CL$$btod_div_common  c_w.l(btod.o)
    0x080041fa   0x00000002   PAD
    0x080041fc   0x00000054   Code   RO         9785    CL$$btod_e2d        c_w.l(btod.o)
    0x08004250   0x000000c6   Code   RO         9784    CL$$btod_e2e        c_w.l(btod.o)
    0x08004316   0x00000028   Code   RO         9781    CL$$btod_ediv       c_w.l(btod.o)
    0x0800433e   0x00000028   Code   RO         9783    CL$$btod_edivd      c_w.l(btod.o)
    0x08004366   0x00000028   Code   RO         9780    CL$$btod_emul       c_w.l(btod.o)
    0x0800438e   0x00000028   Code   RO         9782    CL$$btod_emuld      c_w.l(btod.o)
    0x080043b6   0x00000244   Code   RO         9786    CL$$btod_mult_common  c_w.l(btod.o)
    0x080045fa   0x00000002   PAD
    0x080045fc   0x00000004   Code   RO         3994    SVC_TABLE           SVC_Table.o
    0x08004600   0x0000000e   Code   RO         3660    i.$Sub$$main        retarget.o
    0x0800460e   0x00000014   Code   RO        10131    i.<Func5>           cpp_ws.l(locale.o)
    0x08004622   0x00000002   PAD
    0x08004624   0x0000000c   Code   RO         8642    i.BlueNRG_DataPresent  stm32_bluenrg_ble.o
    0x08004630   0x0000000c   Code   RO         8644    i.BlueNRG_RST       stm32_bluenrg_ble.o
    0x0800463c   0x00000010   Code   RO         8645    i.BlueNRG_SPI_Read_All  stm32_bluenrg_ble.o
    0x0800464c   0x0000000c   Code   RO         4450    i.CAN1_RX0_IRQHandler  can_api.o
    0x08004658   0x0000000c   Code   RO         4451    i.CAN1_SCE_IRQHandler  can_api.o
    0x08004664   0x0000000c   Code   RO         4452    i.CAN1_TX_IRQHandler  can_api.o
    0x08004670   0x0000000c   Code   RO         4453    i.CAN2_RX0_IRQHandler  can_api.o
    0x0800467c   0x0000000c   Code   RO         4454    i.CAN2_SCE_IRQHandler  can_api.o
    0x08004688   0x0000000c   Code   RO         4455    i.CAN2_TX_IRQHandler  can_api.o
    0x08004694   0x00000002   Code   RO         8647    i.Clear_SPI_EXTI_Flag  stm32_bluenrg_ble.o
    0x08004696   0x00000004   Code   RO         8594    i.Clock_Time        ble_clock.o
    0x0800469a   0x00000004   Code   RO         8595    i.Clock_Wait        ble_clock.o
    0x0800469e   0x00000002   PAD
    0x080046a0   0x0000000c   Code   RO         8649    i.Disable_SPI_IRQ   stm32_bluenrg_ble.o
    0x080046ac   0x0000000c   Code   RO         1509    i.ETH_IRQHandler    stm32xx_emac.o
    0x080046b8   0x0000000c   Code   RO         8650    i.Enable_SPI_IRQ    stm32_bluenrg_ble.o
    0x080046c4   0x00000024   Code   RO         4901    i.HAL_DMA_Abort_IT  stm32f4xx_hal_dma.o
    0x080046e8   0x00000002   Code   RO         5021    i.HAL_ETH_ErrorCallback  stm32f4xx_hal_eth.o
    0x080046ea   0x0000008a   Code   RO         5025    i.HAL_ETH_IRQHandler  stm32f4xx_hal_eth.o
    0x08004774   0x0000000c   Code   RO         1510    i.HAL_ETH_RxCpltCallback  stm32xx_emac.o
    0x08004780   0x00000002   Code   RO         5034    i.HAL_ETH_TxCpltCallback  stm32f4xx_hal_eth.o
    0x08004782   0x00000002   PAD
    0x08004784   0x0000025c   Code   RO         5145    i.HAL_GPIO_Init     stm32f4xx_hal_gpio.o
    0x080049e0   0x0000000c   Code   RO         4516    i.HAL_GetTick       stm32f4xx_hal.o
    0x080049ec   0x00000010   Code   RO         4517    i.HAL_IncTick       stm32f4xx_hal.o
    0x080049fc   0x00000034   Code   RO         4518    i.HAL_Init          stm32f4xx_hal.o
    0x08004a30   0x000000c4   Code   RO         4384    i.HAL_InitTick      hal_tick.o
    0x08004af4   0x00000002   Code   RO         5611    i.HAL_MspInit       stm32f4xx_hal_msp_template.o
    0x08004af6   0x00000002   PAD
    0x08004af8   0x00000024   Code   RO         4704    i.HAL_NVIC_SetPriorityGrouping  stm32f4xx_hal_cortex.o
    0x08004b1c   0x00000198   Code   RO         5896    i.HAL_RCC_ClockConfig  stm32f4xx_hal_rcc.o
    0x08004cb4   0x00000040   Code   RO         5900    i.HAL_RCC_GetClockConfig  stm32f4xx_hal_rcc.o
    0x08004cf4   0x00000030   Code   RO         5903    i.HAL_RCC_GetPCLK1Freq  stm32f4xx_hal_rcc.o
    0x08004d24   0x00000030   Code   RO         5904    i.HAL_RCC_GetPCLK2Freq  stm32f4xx_hal_rcc.o
    0x08004d54   0x00000094   Code   RO         5905    i.HAL_RCC_GetSysClockFreq  stm32f4xx_hal_rcc.o
    0x08004de8   0x0000036c   Code   RO         5908    i.HAL_RCC_OscConfig  stm32f4xx_hal_rcc.o
    0x08005154   0x00000002   Code   RO         6370    i.HAL_SPI_ErrorCallback  stm32f4xx_hal_spi.o
    0x08005156   0x00000004   Code   RO         6371    i.HAL_SPI_GetError  stm32f4xx_hal_spi.o
    0x0800515a   0x00000006   Code   RO         6372    i.HAL_SPI_GetState  stm32f4xx_hal_spi.o
    0x08005160   0x000000f4   Code   RO         6373    i.HAL_SPI_IRQHandler  stm32f4xx_hal_spi.o
    0x08005254   0x0000008c   Code   RO         6374    i.HAL_SPI_Init      stm32f4xx_hal_spi.o
    0x080052e0   0x00000002   Code   RO         6376    i.HAL_SPI_MspInit   stm32f4xx_hal_spi.o
    0x080052e2   0x00000002   PAD
    0x080052e4   0x000000d4   Code   RO         6379    i.HAL_SPI_Receive_IT  stm32f4xx_hal_spi.o
    0x080053b8   0x00000002   Code   RO         6380    i.HAL_SPI_RxCpltCallback  stm32f4xx_hal_spi.o
    0x080053ba   0x00000308   Code   RO         6383    i.HAL_SPI_TransmitReceive  stm32f4xx_hal_spi.o
    0x080056c2   0x00000002   PAD
    0x080056c4   0x000000cc   Code   RO         6385    i.HAL_SPI_TransmitReceive_IT  stm32f4xx_hal_spi.o
    0x08005790   0x000000c0   Code   RO         6387    i.HAL_SPI_Transmit_IT  stm32f4xx_hal_spi.o
    0x08005850   0x00000002   Code   RO         6388    i.HAL_SPI_TxCpltCallback  stm32f4xx_hal_spi.o
    0x08005852   0x00000002   Code   RO         6390    i.HAL_SPI_TxRxCpltCallback  stm32f4xx_hal_spi.o
    0x08005854   0x00000036   Code   RO         6557    i.HAL_TIM_OC_Init   stm32f4xx_hal_tim.o
    0x0800588a   0x00000002   Code   RO         6559    i.HAL_TIM_OC_MspInit  stm32f4xx_hal_tim.o
    0x0800588c   0x00000040   Code   RO         6560    i.HAL_TIM_OC_Start  stm32f4xx_hal_tim.o
    0x080058cc   0x00000062   Code   RO         6800    i.HAL_UART_Init     stm32f4xx_hal_uart.o
    0x0800592e   0x00000002   Code   RO         6802    i.HAL_UART_MspInit  stm32f4xx_hal_uart.o
    0x08005930   0x000003f4   Code   RO         8603    i.HCI_Event_CB      btle.o
    0x08005d24   0x00000048   Code   RO         8241    i.HCI_Init          ble_hci.o
    0x08005d6c   0x00000094   Code   RO         8242    i.HCI_Isr           ble_hci.o
    0x08005e00   0x0000007c   Code   RO         8243    i.HCI_Process       ble_hci.o
    0x08005e7c   0x00000050   Code   RO         8651    i.Hal_Write_Serial  stm32_bluenrg_ble.o
    0x08005ecc   0x00000004   Code   RO         8589    i.Osal_MemCpy       ble_osal.o
    0x08005ed0   0x00000004   Code   RO         8590    i.Osal_MemSet       ble_osal.o
    0x08005ed4   0x00000044   Code   RO         6392    i.SPI_2linesRxISR_16BIT  stm32f4xx_hal_spi.o
    0x08005f18   0x00000022   Code   RO         6393    i.SPI_2linesRxISR_16BITCRC  stm32f4xx_hal_spi.o
    0x08005f3a   0x00000002   PAD
    0x08005f3c   0x00000044   Code   RO         6394    i.SPI_2linesRxISR_8BIT  stm32f4xx_hal_spi.o
    0x08005f80   0x0000002c   Code   RO         6395    i.SPI_2linesRxISR_8BITCRC  stm32f4xx_hal_spi.o
    0x08005fac   0x0000004e   Code   RO         6396    i.SPI_2linesTxISR_16BIT  stm32f4xx_hal_spi.o
    0x08005ffa   0x0000004c   Code   RO         6397    i.SPI_2linesTxISR_8BIT  stm32f4xx_hal_spi.o
    0x08006046   0x00000002   PAD
    0x08006048   0x000000c4   Code   RO         6398    i.SPI_CloseRxTx_ISR  stm32f4xx_hal_spi.o
    0x0800610c   0x0000006c   Code   RO         6399    i.SPI_CloseRx_ISR   stm32f4xx_hal_spi.o
    0x08006178   0x00000010   Code   RO         6400    i.SPI_DMAAbortOnError  stm32f4xx_hal_spi.o
    0x08006188   0x0000004c   Code   RO         6408    i.SPI_RxISR_16BIT   stm32f4xx_hal_spi.o
    0x080061d4   0x00000022   Code   RO         6409    i.SPI_RxISR_16BITCRC  stm32f4xx_hal_spi.o
    0x080061f6   0x00000002   PAD
    0x080061f8   0x00000048   Code   RO         6410    i.SPI_RxISR_8BIT    stm32f4xx_hal_spi.o
    0x08006240   0x0000001a   Code   RO         6411    i.SPI_RxISR_8BITCRC  stm32f4xx_hal_spi.o
    0x0800625a   0x00000002   PAD
    0x0800625c   0x000000c4   Code   RO         6412    i.SPI_TxISR_16BIT   stm32f4xx_hal_spi.o
    0x08006320   0x000000c4   Code   RO         6413    i.SPI_TxISR_8BIT    stm32f4xx_hal_spi.o
    0x080063e4   0x0000009a   Code   RO         6414    i.SPI_WaitFlagStateUntilTimeout  stm32f4xx_hal_spi.o
    0x0800647e   0x00000002   PAD
    0x08006480   0x00000158   Code   RO         7276    i.Set_GPIO_Clock    pinmap.o
    0x080065d8   0x00000084   Code   RO         4401    i.SystemCoreClockUpdate  system_stm32f4xx.o
    0x0800665c   0x0000015c   Code   RO         4402    i.SystemInit        system_stm32f4xx.o
    0x080067b8   0x000000c0   Code   RO         6594    i.TIM_Base_SetConfig  stm32f4xx_hal_tim.o
    0x08006878   0x0000001a   Code   RO         8555    i.Timer_Expired     ble_gp_timer.o
    0x08006892   0x0000000e   Code   RO         8559    i.Timer_Set         ble_gp_timer.o
    0x080068a0   0x00000344   Code   RO         6819    i.UART_SetConfig    stm32f4xx_hal_uart.o
    0x08006be4   0x000000a0   Code   RO         8723    i._Z11triggerReadPK22GattReadCallbackParams  main.o
    0x08006c84   0x0000012c   Code   RO         8725    i._Z15bleInitCompletePN3BLE37InitializationCompleteCallbackContextE  main.o
    0x08006db0   0x000000a8   Code   RO         8726    i._Z16periodicCallbackv  main.o
    0x08006e58   0x00000008   Code   RO         7511    i._Z17createBLEInstancev  BlueNRGDevice.o
    0x08006e60   0x000000c8   Code   RO         8727    i._Z18connectionCallbackPKN3Gap26ConnectionCallbackParams_tE  main.o
    0x08006f28   0x0000001c   Code   RO         1237    i._Z18equeue_tick_updatev  equeue_mbed.o
    0x08006f44   0x00000110   Code   RO         8605    i._Z21Attribute_Modified_CBP13_evt_blue_aci  btle.o
    0x08007054   0x00000094   Code   RO         8728    i._Z21advertisementCallbackPKN3Gap29AdvertisementCallbackParams_tE  main.o
    0x080070e8   0x0000007c   Code   RO         8729    i._Z21disconnectionCallbackPKN3Gap29DisconnectionCallbackParams_tE  main.o
    0x08007164   0x00000028   Code   RO         8730    i._Z23updateLedCharacteristicv  main.o
    0x0800718c   0x00000084   Code   RO         8731    i._Z24serviceDiscoveryCallbackPK17DiscoveredService  main.o
    0x08007210   0x00000070   Code   RO         8732    i._Z27scheduleBleEventsProcessingPN3BLE32OnEventsToProcessCallbackContextE  main.o
    0x08007280   0x000000a0   Code   RO         8733    i._Z28discoveryTerminationCallbackt  main.o
    0x08007320   0x00000064   Code   RO         8734    i._Z31characteristicDiscoveryCallbackPK24DiscoveredCharacteristic  main.o
    0x08007384   0x00000020   Code   RO        10464    i._Z7catgetsPN4__rw8__rw_catEiiPKc  cpp_ws.l(rwcats.o)
    0x080073a4   0x00000022   Code   RO        10465    i._Z7catopenPKci    cpp_ws.l(rwcats.o)
    0x080073c6   0x00000002   PAD
    0x080073c8   0x00000068   Code   RO         7969    i._ZN10BlueNRGGap10getAddressEPN11BLEProtocol11AddressType4TypeEPh  BlueNRGGap.o
    0x08007430   0x00000070   Code   RO         7970    i._ZN10BlueNRGGap10setAddressEN11BLEProtocol11AddressType4TypeEPKh  BlueNRGGap.o
    0x080074a0   0x00000006   Code   RO         7971    i._ZN10BlueNRGGap10setGapRoleEN3Gap6Role_tE  BlueNRGGap.o
    0x080074a6   0x00000002   PAD
    0x080074a8   0x00000168   Code   RO         7586    i._ZN10BlueNRGGap11getInstanceEv  BlueNRGDevice.o
    0x08007610   0x00000110   Code   RO         7973    i._ZN10BlueNRGGap12Discovery_CBENS_8Reason_tEhhPhS1_S1_S1_  BlueNRGGap.o
    0x08007720   0x00000040   Code   RO         7979    i._ZN10BlueNRGGap14startRadioScanERK17GapScanningParams  BlueNRGGap.o
    0x08007760   0x00000028   Code   RO         7981    i._ZN10BlueNRGGap15stopAdvertisingEv  BlueNRGGap.o
    0x08007788   0x00000006   Code   RO         7987    i._ZN10BlueNRGGap19getConnectionHandleEv  BlueNRGGap.o
    0x0800778e   0x00000006   Code   RO         7988    i._ZN10BlueNRGGap19setConnectionHandleEt  BlueNRGGap.o
    0x08007794   0x0000000a   Code   RO         7989    i._ZN10BlueNRGGap21setConnectionIntervalEt  BlueNRGGap.o
    0x0800779e   0x00000002   PAD
    0x080077a0   0x00000118   Code   RO         7992    i._ZN10BlueNRGGap23setConnectionParametersEv  BlueNRGGap.o
    0x080078b8   0x00000010   Code   RO         7998    i._ZN10BlueNRGGap7ProcessEv  BlueNRGGap.o
    0x080078c8   0x000000fc   Code   RO         7999    i._ZN10BlueNRGGap7connectEPKhN11BLEProtocol11AddressType4TypeEPKN3Gap18ConnectionParams_tEPK17GapScanningParams  BlueNRGGap.o
    0x080079c4   0x00000010   Code   RO         8000    i._ZN10BlueNRGGap8stopScanEv  BlueNRGGap.o
    0x080079d4   0x000000b4   Code   RO         7610    i._ZN10BlueNRGGapD1Ev  BlueNRGDevice.o
    0x08007a88   0x00000004   Code   RO         7911    i._ZN10GattClient22launchServiceDiscoveryEt26FunctionPointerWithContextIPK17DiscoveredServiceES0_IPK24DiscoveredCharacteristicERK4UUIDSB_  BlueNRGDevice.o
    0x08007a8c   0x00000002   Code   RO         7933    i._ZN10GattClient29onServiceDiscoveryTerminationE26FunctionPointerWithContextItE  BlueNRGDevice.o
    0x08007a8e   0x00000008   Code   RO         7512    i._ZN13BlueNRGDevice10enable_irqEv  BlueNRGDevice.o
    0x08007a96   0x00000012   Code   RO         7514    i._ZN13BlueNRGDevice11dataPresentEv  BlueNRGDevice.o
    0x08007aa8   0x00000008   Code   RO         7515    i._ZN13BlueNRGDevice11disable_irqEv  BlueNRGDevice.o
    0x08007ab0   0x00000008   Code   RO         7631    i._ZN13BlueNRGDevice13getGattClientEv  BlueNRGDevice.o
    0x08007ab8   0x00000004   Code   RO         7518    i._ZN13BlueNRGDevice13processEventsEv  BlueNRGDevice.o
    0x08007abc   0x00000058   Code   RO         7521    i._ZN13BlueNRGDevice4initEj26FunctionPointerWithContextIPN3BLE37InitializationCompleteCallbackContextEE  BlueNRGDevice.o
    0x08007b14   0x00000068   Code   RO         7522    i._ZN13BlueNRGDevice5resetEv  BlueNRGDevice.o
    0x08007b7c   0x00000008   Code   RO         7523    i._ZN13BlueNRGDevice6getGapEv  BlueNRGDevice.o
    0x08007b84   0x000000e0   Code   RO         7524    i._ZN13BlueNRGDevice7spiReadEPhh  BlueNRGDevice.o
    0x08007c64   0x00000118   Code   RO         7526    i._ZN13BlueNRGDevice8spiWriteEPhS0_hh  BlueNRGDevice.o
    0x08007d7c   0x00000138   Code   RO         7527    i._ZN13BlueNRGDeviceC1E7PinNameS0_S0_S0_S0_S0_  BlueNRGDevice.o
    0x08007eb4   0x00000038   Code   RO         7529    i._ZN13BlueNRGDeviceD1Ev  BlueNRGDevice.o
    0x08007eec   0x00000010   Code   RO         1352    i._ZN15BLEInstanceBase21signalEventsToProcessEj  BLEInstanceBase.o
    0x08007efc   0x00000002   Code   RO         1354    i._ZN15BLEInstanceBaseD2Ev  BLEInstanceBase.o
    0x08007efe   0x00000044   Code   RO         8107    i._ZN17BlueNRGGattClient10charReadCBEthPh  BlueNRGGattClient.o
    0x08007f42   0x00000002   PAD
    0x08007f44   0x000001b0   Code   RO         7592    i._ZN17BlueNRGGattClient11getInstanceEv  BlueNRGDevice.o
    0x080080f4   0x000001c8   Code   RO         8108    i._ZN17BlueNRGGattClient14serviceCharsCBEthhPh  BlueNRGGattClient.o
    0x080082bc   0x00000036   Code   RO         8109    i._ZN17BlueNRGGattClient15charWriteExecCBEth  BlueNRGGattClient.o
    0x080082f2   0x00000002   PAD
    0x080082f4   0x0000014c   Code   RO         8112    i._ZN17BlueNRGGattClient16findServiceCharsEt  BlueNRGGattClient.o
    0x08008440   0x0000010e   Code   RO         8113    i._ZN17BlueNRGGattClient16primaryServiceCBEthPh  BlueNRGGattClient.o
    0x0800854e   0x00000106   Code   RO         8114    i._ZN17BlueNRGGattClient17primaryServicesCBEthhPh  BlueNRGGattClient.o
    0x08008654   0x00000048   Code   RO         8115    i._ZN17BlueNRGGattClient18charWritePrepareCBEthttPh  BlueNRGGattClient.o
    0x0800869c   0x00000134   Code   RO         8116    i._ZN17BlueNRGGattClient19discAllCharacDescCBEthhPh  BlueNRGGattClient.o
    0x080087d0   0x00000194   Code   RO         8117    i._ZN17BlueNRGGattClient19serviceCharByUUIDCBEthtPh  BlueNRGGattClient.o
    0x08008964   0x000001b4   Code   RO         8118    i._ZN17BlueNRGGattClient22launchServiceDiscoveryEt26FunctionPointerWithContextIPK17DiscoveredServiceES0_IPK24DiscoveredCharacteristicERK4UUIDSB_  BlueNRGGattClient.o
    0x08008b18   0x000000a4   Code   RO         8119    i._ZN17BlueNRGGattClient23gattProcedureCompleteCBEth  BlueNRGGattClient.o
    0x08008bbc   0x00000038   Code   RO         8120    i._ZN17BlueNRGGattClient25terminateServiceDiscoveryEv  BlueNRGGattClient.o
    0x08008bf4   0x0000001a   Code   RO         8173    i._ZN17BlueNRGGattClient29onServiceDiscoveryTerminationE26FunctionPointerWithContextItE  BlueNRGGattClient.o
    0x08008c0e   0x00000002   PAD
    0x08008c10   0x00000084   Code   RO         7628    i._ZN17BlueNRGGattClientD1Ev  BlueNRGDevice.o
    0x08008c94   0x00000120   Code   RO         7589    i._ZN17BlueNRGGattServer11getInstanceEv  BlueNRGDevice.o
    0x08008db4   0x000001bc   Code   RO         8182    i._ZN17BlueNRGGattServer15Read_Request_CBEt  BlueNRGGattServer.o
    0x08008f70   0x000000c0   Code   RO         8185    i._ZN17BlueNRGGattServer16Write_Request_CBEtthPKh  BlueNRGGattServer.o
    0x08009030   0x00000028   Code   RO         8186    i._ZN17BlueNRGGattServer19HCIDataWrittenEventEPK23GattWriteCallbackParams  BlueNRGGattServer.o
    0x08009058   0x00000054   Code   RO         8189    i._ZN17BlueNRGGattServer27getCharacteristicFromHandleEt  BlueNRGGattServer.o
    0x080090ac   0x0000012a   Code   RO         8193    i._ZN17BlueNRGGattServer5writeEtPKhtb  BlueNRGGattServer.o
    0x080091d6   0x00000002   PAD
    0x080091d8   0x00000084   Code   RO         8195    i._ZN17BlueNRGGattServer8HCIEventEN16GattServerEvents11gattEvent_eEt  BlueNRGGattServer.o
    0x0800925c   0x000000dc   Code   RO         7613    i._ZN17BlueNRGGattServerD1Ev  BlueNRGDevice.o
    0x08009338   0x0000001c   Code   RO         7616    i._ZN17DiscoveredServiceC1Ev  BlueNRGDevice.o
    0x08009354   0x00000006   Code   RO         1402    i._ZN17GapScanningParams10setTimeoutEt  GapScanningParams.o
    0x0800935a   0x00000022   Code   RO         1403    i._ZN17GapScanningParams11setIntervalEt  GapScanningParams.o
    0x0800937c   0x00000004   Code   RO         1404    i._ZN17GapScanningParams17setActiveScanningEb  GapScanningParams.o
    0x08009380   0x00000022   Code   RO         1405    i._ZN17GapScanningParams9setWindowEt  GapScanningParams.o
    0x080093a2   0x0000005e   Code   RO         1406    i._ZN17GapScanningParamsC1Etttb  GapScanningParams.o
    0x08009400   0x00000004   Code   RO         7951    i._ZN31BlueNRGDiscoveredCharacteristic13setLastHandleEt  BlueNRGDiscoveredCharacteristic.o
    0x08009404   0x00000064   Code   RO         7952    i._ZN31BlueNRGDiscoveredCharacteristic5setupEP17BlueNRGGattClientt4UUIDN24DiscoveredCharacteristic12Properties_tEttt  BlueNRGDiscoveredCharacteristic.o
    0x08009468   0x00000024   Code   RO         7619    i._ZN31BlueNRGDiscoveredCharacteristicC1Ev  BlueNRGDevice.o
    0x0800948c   0x00000058   Code   RO         9551    i._ZN37_INTERNAL_15_rwstdexcept_cpp_8697b68a4__rw13__rw_vfmatstrEPcjPKcSt9__va_list  cpp_ws.l(rwstdexcept.o)
    0x080094e4   0x0000014c   Code   RO         9552    i._ZN37_INTERNAL_15_rwstdexcept_cpp_8697b68a4__rw13__rw_vfmatstrEPcjiSt9__va_list  cpp_ws.l(rwstdexcept.o)
    0x08009630   0x00000040   Code   RO         1273    i._ZN3BLE10gattClientEv  BLE.o
    0x08009670   0x00000040   Code   RO         1277    i._ZN3BLE13processEventsEv  BLE.o
    0x080096b0   0x0000001a   Code   RO         1279    i._ZN3BLE17onEventsToProcessERK26FunctionPointerWithContextIPNS_32OnEventsToProcessCallbackContextEE  BLE.o
    0x080096ca   0x0000002e   Code   RO         1280    i._ZN3BLE18initImplementationE26FunctionPointerWithContextIPNS_37InitializationCompleteCallbackContextEE  BLE.o
    0x080096f8   0x00000030   Code   RO         1281    i._ZN3BLE21signalEventsToProcessEv  BLE.o
    0x08009728   0x00000040   Code   RO         1282    i._ZN3BLE3gapEv     BLE.o
    0x08009768   0x000000a4   Code   RO         1283    i._ZN3BLE8InstanceEj  BLE.o
    0x0800980c   0x00000004   Code   RO         7839    i._ZN3Gap14startRadioScanERK17GapScanningParams  BlueNRGDevice.o
    0x08009810   0x00000004   Code   RO         7776    i._ZN3Gap7connectEPKhN11BLEProtocol11AddressType4TypeEPKNS_18ConnectionParams_tEPK17GapScanningParams  BlueNRGDevice.o
    0x08009814   0x0000005c   Code   RO         9554    i._ZN4__rw10__rw_throwEiz  cpp_ws.l(rwstdexcept.o)
    0x08009870   0x00000020   Code   RO         9056    i._ZN4__rw13__rw_allocateEji  cpp_ws.l(rwalloc.o)
    0x08009890   0x00000004   Code   RO         9057    i._ZN4__rw15__rw_deallocateEPvji  cpp_ws.l(rwalloc.o)
    0x08009894   0x00000002   Code   RO        10078    i._ZN4__rw15__rw_facet_base12_C_initfacetERKSt6locale  cpp_ws.l(char.o)
    0x08009896   0x00000002   PAD
    0x08009898   0x000000ec   Code   RO        10234    i._ZN4__rw15__rw_locale_impC1EPKcjj  cpp_ws.l(locale.o)
    0x08009984   0x0000001a   Code   RO        10272    i._ZN4__rw15__rw_locale_impD1Ev  cpp_ws.l(locale.o)
    0x0800999e   0x0000003a   Code   RO        10132    i._ZN4__rw21__rw_use_c_lib_localeC1EPKci  cpp_ws.l(locale.o)
    0x080099d8   0x00000018   Code   RO        10048    i._ZN4__rw21__rw_use_c_lib_localeD1Ev  cpp_ws.l(char.o)
    0x080099f0   0x00000098   Code   RO        10488    i._ZN4__rw25__rw_throw_exception_noexEiPc  cpp_ws.l(rwthrowproc_impl_noex.o)
    0x08009a88   0x00000030   Code   RO        10468    i._ZN4__rw9__catfindEPNS_8__rw_catE  cpp_ws.l(rwcats.o)
    0x08009ab8   0x00000006   Code   RO         1130    i._ZN4mbed10TimerEvent3irqEj  TimerEvent.o
    0x08009abe   0x00000010   Code   RO         1131    i._ZN4mbed10TimerEvent6insertEj  TimerEvent.o
    0x08009ace   0x0000000a   Code   RO         1132    i._ZN4mbed10TimerEvent6removeEv  TimerEvent.o
    0x08009ad8   0x00000028   Code   RO         1134    i._ZN4mbed10TimerEventC2Ev  TimerEvent.o
    0x08009b00   0x00000018   Code   RO         1136    i._ZN4mbed10TimerEventD2Ev  TimerEvent.o
    0x08009b18   0x00000018   Code   RO          590    i._ZN4mbed11InterruptIn10enable_irqEv  InterruptIn.o
    0x08009b30   0x00000018   Code   RO          591    i._ZN4mbed11InterruptIn11disable_irqEv  InterruptIn.o
    0x08009b48   0x00000048   Code   RO          592    i._ZN4mbed11InterruptIn12_irq_handlerEj14gpio_irq_event  InterruptIn.o
    0x08009b90   0x0000001a   Code   RO          594    i._ZN4mbed11InterruptIn4modeE7PinMode  InterruptIn.o
    0x08009baa   0x00000002   PAD
    0x08009bac   0x0000007c   Code   RO          595    i._ZN4mbed11InterruptIn4readEv  InterruptIn.o
    0x08009c28   0x00000070   Code   RO          596    i._ZN4mbed11InterruptIn4riseENS_8CallbackIFvvEEE  InterruptIn.o
    0x08009c98   0x00000064   Code   RO          597    i._ZN4mbed11InterruptInC1E7PinName  InterruptIn.o
    0x08009cfc   0x00000034   Code   RO          599    i._ZN4mbed11InterruptInD1Ev  InterruptIn.o
    0x08009d30   0x0000002c   Code   RO          600    i._ZN4mbed11InterruptIncviEv  InterruptIn.o
    0x08009d5c   0x00000040   Code   RO          735    i._ZN4mbed3SPI18irq_handler_asynchEv  SPI.o
    0x08009d9c   0x00000158   Code   RO          737    i._ZN4mbed3SPI19dequeue_transactionEv  SPI.o
    0x08009ef4   0x00000058   Code   RO          739    i._ZN4mbed3SPI4lockEv  SPI.o
    0x08009f4c   0x0000002a   Code   RO          740    i._ZN4mbed3SPI5writeEi  SPI.o
    0x08009f76   0x00000002   PAD
    0x08009f78   0x0000003c   Code   RO          741    i._ZN4mbed3SPI6aquireEv  SPI.o
    0x08009fb4   0x00000030   Code   RO          742    i._ZN4mbed3SPI6formatEii  SPI.o
    0x08009fe4   0x00000054   Code   RO          743    i._ZN4mbed3SPI6unlockEv  SPI.o
    0x0800a038   0x00000030   Code   RO          745    i._ZN4mbed3SPI9frequencyEi  SPI.o
    0x0800a068   0x0000009c   Code   RO          746    i._ZN4mbed3SPIC1E7PinNameS1_S1_S1_  SPI.o
    0x0800a104   0x0000001c   Code   RO         1096    i._ZN4mbed5Timer5resetEv  Timer.o
    0x0800a120   0x00000020   Code   RO         1097    i._ZN4mbed5Timer5startEv  Timer.o
    0x0800a140   0x00000032   Code   RO         1098    i._ZN4mbed5Timer7read_msEv  Timer.o
    0x0800a172   0x00000028   Code   RO         1102    i._ZN4mbed5TimerC1Ev  Timer.o
    0x0800a19a   0x0000002a   Code   RO         1050    i._ZN4mbed6Ticker5setupEj  Ticker.o
    0x0800a1c4   0x0000002c   Code   RO         1051    i._ZN4mbed6Ticker6detachEv  Ticker.o
    0x0800a1f0   0x00000038   Code   RO         1052    i._ZN4mbed6Ticker7handlerEv  Ticker.o
    0x0800a228   0x0000002c   Code   RO         1075    i._ZN4mbed7Timeout7handlerEv  Timeout.o
    0x0800a254   0x00000004   Code   RO          307    i._ZN4mbed8FileBase11getPathTypeEv  FileBase.o
    0x0800a258   0x0000009c   Code   RO          309    i._ZN4mbed8FileBase6lookupEPKcj  FileBase.o
    0x0800a2f4   0x00000018   Code   RO          380    i._ZN4mbed8FilePath10fileSystemEv  FilePath.o
    0x0800a30c   0x0000001c   Code   RO          382    i._ZN4mbed8FilePath4fileEv  FilePath.o
    0x0800a328   0x0000000a   Code   RO          383    i._ZN4mbed8FilePath6existsEv  FilePath.o
    0x0800a332   0x00000018   Code   RO          384    i._ZN4mbed8FilePath6isFileEv  FilePath.o
    0x0800a34a   0x00000004   Code   RO          385    i._ZN4mbed8FilePath8fileNameEv  FilePath.o
    0x0800a34e   0x00000040   Code   RO          386    i._ZN4mbed8FilePathC1EPKc  FilePath.o
    0x0800a38e   0x00000002   Code   RO          601    i._ZN4mbed9donothingEv  InterruptIn.o
    0x0800a390   0x00000006   Code   RO         3799    i._ZN4rtos5Mutex4lockEj  Mutex.o
    0x0800a396   0x00000006   Code   RO         3800    i._ZN4rtos5Mutex6unlockEv  Mutex.o
    0x0800a39c   0x00000054   Code   RO         3802    i._ZN4rtos5MutexC1Ev  Mutex.o
    0x0800a3f0   0x00000004   Code   RO         3860    i._ZN4rtos6Thread4waitEj  Thread.o
    0x0800a3f4   0x00000006   Code   RO         3832    i._ZN4rtos9Semaphore4waitEj  Semaphore.o
    0x0800a3fa   0x00000006   Code   RO         3833    i._ZN4rtos9Semaphore7releaseEv  Semaphore.o
    0x0800a400   0x0000001c   Code   RO         3834    i._ZN4rtos9SemaphoreC1Ei  Semaphore.o
    0x0800a41c   0x0000000e   Code   RO         3835    i._ZN4rtos9SemaphoreD1Ev  Semaphore.o
    0x0800a42a   0x00000004   Code   RO         1167    i._ZN6events10EventQueue8dispatchEi  EventQueue.o
    0x0800a42e   0x00000018   Code   RO         1168    i._ZN6events10EventQueueC1EjPh  EventQueue.o
    0x0800a446   0x0000001a   Code   RO         1169    i._ZN6events10EventQueueD1Ev  EventQueue.o
    0x0800a460   0x00000006   Code   RO         8001    i._ZNK10BlueNRGGap21getScanningPolicyModeEv  BlueNRGGap.o
    0x0800a466   0x00000004   Code   RO         7921    i._ZNK10GattClient24isServiceDiscoveryActiveEv  BlueNRGDevice.o
    0x0800a46a   0x00000004   Code   RO         7927    i._ZNK10GattClient4readEttt  BlueNRGDevice.o
    0x0800a46e   0x0000000c   Code   RO         8123    i._ZNK17BlueNRGGattClient24isServiceDiscoveryActiveEv  BlueNRGGattClient.o
    0x0800a47a   0x00000030   Code   RO         8124    i._ZNK17BlueNRGGattClient4readEttt  BlueNRGGattClient.o
    0x0800a4aa   0x00000034   Code   RO         1367    i._ZNK24DiscoveredCharacteristic4readEt  DiscoveredCharacteristic.o
    0x0800a4de   0x00000002   Code   RO         1349    i._ZNK9SafeBool_4base7trueTagEv  BLE.o
    0x0800a4e0   0x00000004   Code   RO         9674    i._ZNKSt14__rw_exception4whatEv  cpp_ws.l(rwstdexcept.o)
    0x0800a4e4   0x00000072   Code   RO        10309    i._ZNKSt18__rw_messages_base11_C_cat_openERKSsRKSt6locale  cpp_ws.l(messages.o)
    0x0800a556   0x00000020   Code   RO        10312    i._ZNKSt18__rw_messages_base13_C_get_localeEi  cpp_ws.l(messages.o)
    0x0800a576   0x00000034   Code   RO        10313    i._ZNKSt18__rw_messages_base14_C_get_messageEiii  cpp_ws.l(messages.o)
    0x0800a5aa   0x0000000e   Code   RO        10018    i._ZNKSt5ctypeIcE2isENSt10ctype_base4maskEc  cpp_ws.l(char.o)
    0x0800a5b8   0x00000108   Code   RO        10137    i._ZNKSt6locale13_C_make_facetERKNS_2idEbiPFPN4__rw15__rw_facet_baseEiPKcjE  cpp_ws.l(locale.o)
    0x0800a6c0   0x00000074   Code   RO        10139    i._ZNKSt6locale16_C_install_facetEPN4__rw15__rw_facet_baseERKNS_2idE  cpp_ws.l(locale.o)
    0x0800a734   0x00000030   Code   RO        10140    i._ZNKSt6locale4nameEv  cpp_ws.l(locale.o)
    0x0800a764   0x0000000c   Code   RO         9993    i._ZNSt11char_traitsIcE4copyEPcPKcj  cpp_ws.l(char.o)
    0x0800a770   0x000000cc   Code   RO         9879    i._ZNSt12ctype_bynameIcE17_C_get_mask_tableEPKc  cpp_ws.l(char.o)
    0x0800a83c   0x00000120   Code   RO         9881    i._ZNSt12ctype_bynameIcEC1EPKcj  cpp_ws.l(char.o)
    0x0800a95c   0x0000000e   Code   RO        10125    i._ZNSt12ctype_bynameIcED0Ev  cpp_ws.l(char.o)
    0x0800a96a   0x00000008   Code   RO        10122    i._ZNSt12ctype_bynameIcED1Ev  cpp_ws.l(char.o)
    0x0800a972   0x00000002   PAD
    0x0800a974   0x00000084   Code   RO         9557    i._ZNSt14__rw_exception10_C_vformatEiSt9__va_list  cpp_ws.l(rwstdexcept.o)
    0x0800a9f8   0x00000014   Code   RO         9624    i._ZNSt14__rw_exceptionC1Ev  cpp_ws.l(rwstdexcept.o)
    0x0800aa0c   0x0000001c   Code   RO         9668    i._ZNSt14__rw_exceptionD1Ev  cpp_ws.l(rwstdexcept.o)
    0x0800aa28   0x00000008   Code   RO         9621    i._ZNSt18__rw_messages_baseD1Ev  cpp_ws.l(rwstdexcept.o)
    0x0800aa30   0x0000001a   Code   RO        10349    i._ZNSt18__rw_open_cat_dataC1Ev  cpp_ws.l(messages.o)
    0x0800aa4a   0x0000000c   Code   RO        10346    i._ZNSt18__rw_open_cat_dataD1Ev  cpp_ws.l(messages.o)
    0x0800aa56   0x00000012   Code   RO        10352    i._ZNSt18__rw_open_cat_dataaSERKS_  cpp_ws.l(messages.o)
    0x0800aa68   0x000000fa   Code   RO         9883    i._ZNSt5ctypeIcE12_C_initfacetERKSt6locale  cpp_ws.l(char.o)
    0x0800ab62   0x00000002   PAD
    0x0800ab64   0x00000118   Code   RO         9885    i._ZNSt5ctypeIcEC1EPKNSt10ctype_base4maskEbj  cpp_ws.l(char.o)
    0x0800ac7c   0x0000000e   Code   RO        10021    i._ZNSt5ctypeIcED0Ev  cpp_ws.l(char.o)
    0x0800ac8a   0x00000002   PAD
    0x0800ac8c   0x0000002c   Code   RO         9950    i._ZNSt5ctypeIcED1Ev  cpp_ws.l(char.o)
    0x0800acb8   0x0000000e   Code   RO         9665    i._ZNSt6locale5facetD0Ev  cpp_ws.l(rwstdexcept.o)
    0x0800acc6   0x00000002   PAD
    0x0800acc8   0x00000084   Code   RO        10143    i._ZNSt6locale7_C_initEv  cpp_ws.l(locale.o)
    0x0800ad4c   0x00000044   Code   RO        10145    i._ZNSt6locale7classicEv  cpp_ws.l(locale.o)
    0x0800ad90   0x00000020   Code   RO        10275    i._ZNSt6localeC1EPN4__rw15__rw_locale_impE  cpp_ws.l(locale.o)
    0x0800adb0   0x0000000c   Code   RO        10355    i._ZNSt6localeC1ERKS_  cpp_ws.l(messages.o)
    0x0800adbc   0x00000020   Code   RO         9617    i._ZNSt6localeC1Ev  cpp_ws.l(rwstdexcept.o)
    0x0800addc   0x00000020   Code   RO        10250    i._ZNSt6localeD1Ev  cpp_ws.l(locale.o)
    0x0800adfc   0x00000032   Code   RO        10153    i._ZNSt6localeaSERKS_  cpp_ws.l(locale.o)
    0x0800ae2e   0x0000000e   Code   RO         9639    i._ZNSt8messagesIcED0Ev  cpp_ws.l(rwstdexcept.o)
    0x0800ae3c   0x00000010   Code   RO         9608    i._ZNSt8messagesIcED1Ev  cpp_ws.l(rwstdexcept.o)
    0x0800ae4c   0x0000000c   Code   RO        10367    i._ZNSt9exceptionC1Ev  cpprt_w.l(exception_ctor.o)
    0x0800ae58   0x0000003c   Code   RO        10330    i._ZSt13__rw_get_catsv  cpp_ws.l(messages.o)
    0x0800ae94   0x0000000a   Code   RO         3666    i._ZdaPv            retarget.o
    0x0800ae9e   0x0000000a   Code   RO         3667    i._ZdlPv            retarget.o
    0x0800aea8   0x00000034   Code   RO         3668    i._Znaj             retarget.o
    0x0800aedc   0x00000034   Code   RO         3669    i._Znwj             retarget.o
    0x0800af10   0x00000092   Code   RO        10361    i.__ARM_array_new_general  cpprt_w.l(array_new_general.o)
    0x0800afa2   0x00000008   Code   RO         8636    i.__ARM_common_memclr4_6  btle.o
    0x0800afaa   0x00000030   Code   RO        10406    i.__ARM_fpclassify  m_wm.l(fpclassify.o)
    0x0800afda   0x00000002   PAD
    0x0800afdc   0x00000034   Code   RO         4375    i.__NVIC_SetVector  cmsis_nvic.o
    0x0800b010   0x00000004   Code   RO         3670    i.__aeabi_atexit    retarget.o
    0x0800b014   0x00000024   Code   RO         9322    i.__aeabi_vec_ctor_nocookie_nodtor  cpprt_w.l(aeabi_vec_ctor_nocookie_nodtor.o)
    0x0800b038   0x00000010   Code   RO        10571    i.__aeabi_vec_dtor_cookie  cpprt_w.l(aeabi_vec_dtor_cookie.o)
    0x0800b048   0x00000014   Code   RO        10568    i.__aeabi_vec_new_cookie  cpprt_w.l(aeabi_vec_new_cookie.o)
    0x0800b05c   0x00000010   Code   RO         9213    i.__cxa_guard_acquire  cpprt_w.l(cxa_guard_acquire.o)
    0x0800b06c   0x00000006   Code   RO         9210    i.__cxa_pure_virtual  cpprt_w.l(pure_virt.o)
    0x0800b072   0x00000002   PAD
    0x0800b074   0x00000018   Code   RO         9686    i.__cxa_vec_new     cpprt_w.l(cxa_vec_new.o)
    0x0800b08c   0x00000004   PAD
    0x0800b090   0x000000d0   Code   RO        10662    i.__hardfp_ldexp    m_wm.l(ldexp.o)
    0x0800b160   0x00000020   Code   RO        10686    i.__mathlib_dbl_overflow  m_wm.l(dunder.o)
    0x0800b180   0x00000020   Code   RO        10688    i.__mathlib_dbl_underflow  m_wm.l(dunder.o)
    0x0800b1a0   0x000000b8   Code   RO        10597    i.__mathlib_narrow  m_wm.l(narrow.o)
    0x0800b258   0x00000010   Code   RO        10154    i.__sti___10_locale_cpp_ff99fc7b  cpp_ws.l(locale.o)
    0x0800b268   0x00000038   Code   RO        10469    i.__sti___10_rwcats_cpp_64e8068e  cpp_ws.l(rwcats.o)
    0x0800b2a0   0x00000038   Code   RO         7532    i.__sti___17_BlueNRGDevice_cpp_95f17d7e  BlueNRGDevice.o
    0x0800b2d8   0x00000034   Code   RO          747    i.__sti___7_SPI_cpp_ab1f1164  SPI.o
    0x0800b30c   0x00000010   Code   RO         9887    i.__sti___8_char_cpp_a3dc957a  cpp_ws.l(char.o)
    0x0800b31c   0x00000074   Code   RO         8735    i.__sti___8_main_cpp_65dbaf9c  main.o
    0x0800b390   0x00000014   Code   RO        10664    i.__support_ldexp   m_wm.l(ldexp.o)
    0x0800b3a4   0x0000002c   Code   RO         3941    i.__user_perthread_libspace  RTX_Conf_CM.o
    0x0800b3d0   0x00000010   Code   RO         4368    i.__user_setup_stackheap  sys.o
    0x0800b3e0   0x00000048   Code   RO         4246    i._init_box         rt_MemBox.o
    0x0800b428   0x0000000e   Code   RO         8946    i._is_digit         c_w.l(__printf_wp.o)
    0x0800b436   0x00000002   PAD
    0x0800b438   0x00000020   Code   RO         3942    i._mutex_acquire    RTX_Conf_CM.o
    0x0800b458   0x0000004c   Code   RO         3943    i._mutex_initialize  RTX_Conf_CM.o
    0x0800b4a4   0x0000001c   Code   RO         3944    i._mutex_release    RTX_Conf_CM.o
    0x0800b4c0   0x00000008   Code   RO         3673    i._platform_post_stackheap_init  retarget.o
    0x0800b4c8   0x0000002c   Code   RO         3674    i._sys_close        retarget.o
    0x0800b4f4   0x00000028   Code   RO         3677    i._sys_flen         retarget.o
    0x0800b51c   0x00000028   Code   RO         3678    i._sys_istty        retarget.o
    0x0800b544   0x00000234   Code   RO         3679    i._sys_open         retarget.o
    0x0800b778   0x00000028   Code   RO         3681    i._sys_seek         retarget.o
    0x0800b7a0   0x00000068   Code   RO         3682    i._sys_write        retarget.o
    0x0800b808   0x00000080   Code   RO         8328    i.aci_gap_create_connection  bluenrg_gap_aci.o
    0x0800b888   0x00000070   Code   RO         8332    i.aci_gap_init_IDB04A1  bluenrg_gap_aci.o
    0x0800b8f8   0x00000078   Code   RO         8333    i.aci_gap_init_IDB05A1  bluenrg_gap_aci.o
    0x0800b970   0x00000074   Code   RO         8339    i.aci_gap_set_auth_requirement  bluenrg_gap_aci.o
    0x0800b9e4   0x0000005c   Code   RO         8360    i.aci_gap_start_observation_procedure  bluenrg_gap_aci.o
    0x0800ba40   0x0000003e   Code   RO         8363    i.aci_gap_terminate_gap_procedure  bluenrg_gap_aci.o
    0x0800ba7e   0x00000046   Code   RO         8416    i.aci_gatt_allow_read  bluenrg_gatt_aci.o
    0x0800bac4   0x00000052   Code   RO         8422    i.aci_gatt_disc_all_charac_of_serv  bluenrg_gatt_aci.o
    0x0800bb16   0x0000004a   Code   RO         8423    i.aci_gatt_disc_all_prim_services  bluenrg_gatt_aci.o
    0x0800bb60   0x0000007e   Code   RO         8424    i.aci_gatt_disc_charac_by_uuid  bluenrg_gatt_aci.o
    0x0800bbde   0x00000062   Code   RO         8425    i.aci_gatt_disc_prim_service_by_uuid  bluenrg_gatt_aci.o
    0x0800bc40   0x0000003a   Code   RO         8429    i.aci_gatt_init     bluenrg_gatt_aci.o
    0x0800bc7a   0x0000004e   Code   RO         8431    i.aci_gatt_read_charac_val  bluenrg_gatt_aci.o
    0x0800bcc8   0x0000008c   Code   RO         8438    i.aci_gatt_set_desc_value  bluenrg_gatt_aci.o
    0x0800bd54   0x00000082   Code   RO         8442    i.aci_gatt_update_char_value  bluenrg_gatt_aci.o
    0x0800bdd6   0x00000086   Code   RO         8448    i.aci_gatt_write_response  bluenrg_gatt_aci.o
    0x0800be5c   0x0000006c   Code   RO         8494    i.aci_hal_read_config_data  bluenrg_hal_aci.o
    0x0800bec8   0x00000048   Code   RO         8495    i.aci_hal_set_tx_power_level  bluenrg_hal_aci.o
    0x0800bf10   0x00000060   Code   RO         8498    i.aci_hal_write_config_data  bluenrg_hal_aci.o
    0x0800bf70   0x0000006e   Code   RO         8507    i.aci_l2cap_connection_parameter_update_response_IDB05A1  bluenrg_l2cap_aci.o
    0x0800bfde   0x00000002   PAD
    0x0800bfe0   0x00000110   Code   RO         8606    i.btleInit          btle.o
    0x0800c0f0   0x00000028   Code   RO         8607    i.btleStartRadioScan  btle.o
    0x0800c118   0x0000001c   Code   RO         8608    i.btle_handler      btle.o
    0x0800c134   0x00000100   Code   RO         4460    i.can_irq           can_api.o
    0x0800c234   0x00000030   Code   RO         3620    i.clock             mbed_rtc_time.o
    0x0800c264   0x0000000c   Code   RO         3553    i.core_util_are_interrupts_enabled  mbed_critical.o
    0x0800c270   0x000000ac   Code   RO         3566    i.core_util_critical_section_enter  mbed_critical.o
    0x0800c31c   0x00000078   Code   RO         3567    i.core_util_critical_section_exit  mbed_critical.o
    0x0800c394   0x00000002   Code   RO         3927    i.default_idle_hook  rtos_idle.o
    0x0800c396   0x0000008c   Code   RO         1193    i.equeue_alloc      equeue.o
    0x0800c422   0x00000080   Code   RO         1203    i.equeue_create     equeue.o
    0x0800c4a2   0x00000060   Code   RO         1204    i.equeue_create_inplace  equeue.o
    0x0800c502   0x00000052   Code   RO         1206    i.equeue_destroy    equeue.o
    0x0800c554   0x0000025c   Code   RO         1207    i.equeue_dispatch   equeue.o
    0x0800c7b0   0x000000b0   Code   RO         1208    i.equeue_enqueue    equeue.o
    0x0800c860   0x00000006   Code   RO         1209    i.equeue_event_delay  equeue.o
    0x0800c866   0x00000006   Code   RO         1210    i.equeue_event_dtor  equeue.o
    0x0800c86c   0x00000006   Code   RO         1211    i.equeue_event_period  equeue.o
    0x0800c872   0x00000004   Code   RO         1238    i.equeue_mutex_create  equeue_mbed.o
    0x0800c876   0x00000002   Code   RO         1239    i.equeue_mutex_destroy  equeue_mbed.o
    0x0800c878   0x00000004   Code   RO         1240    i.equeue_mutex_lock  equeue_mbed.o
    0x0800c87c   0x00000004   Code   RO         1241    i.equeue_mutex_unlock  equeue_mbed.o
    0x0800c880   0x0000002e   Code   RO         1212    i.equeue_post       equeue.o
    0x0800c8ae   0x00000010   Code   RO         1242    i.equeue_sema_create  equeue_mbed.o
    0x0800c8be   0x00000004   Code   RO         1243    i.equeue_sema_destroy  equeue_mbed.o
    0x0800c8c2   0x00000004   Code   RO         1244    i.equeue_sema_signal  equeue_mbed.o
    0x0800c8c6   0x00000018   Code   RO         1245    i.equeue_sema_wait  equeue_mbed.o
    0x0800c8de   0x00000002   PAD
    0x0800c8e0   0x0000009c   Code   RO         1246    i.equeue_tick       equeue_mbed.o
    0x0800c97c   0x00000012   Code   RO         3590    i.error             mbed_error.o
    0x0800c98e   0x00000002   PAD
    0x0800c990   0x00000020   Code   RO         3684    i.exit              retarget.o
    0x0800c9b0   0x0000001a   Code   RO         8978    i.fputc             c_w.l(fputc.o)
    0x0800c9ca   0x00000006   PAD
    0x0800c9d0   0x0000008c   Code   RO        10642    i.frexp             m_wm.l(frexp.o)
    0x0800ca5c   0x00000050   Code   RO         8537    i.getBlueNRGVersion  bluenrg_utils.o
    0x0800caac   0x00000008   Code   RO         3474    i.get_us_ticker_data  mbed_us_ticker_api.o
    0x0800cab4   0x00000088   Code   RO         7147    i.gpio_dir          gpio_api.o
    0x0800cb3c   0x0000003a   Code   RO         7148    i.gpio_init         gpio_api.o
    0x0800cb76   0x00000028   Code   RO         3409    i.gpio_init_in      mbed_gpio.o
    0x0800cb9e   0x00000002   PAD
    0x0800cba0   0x0000004c   Code   RO         3412    i.gpio_init_out     mbed_gpio.o
    0x0800cbec   0x000000a4   Code   RO         3413    i.gpio_init_out_ex  mbed_gpio.o
    0x0800cc90   0x00000008   Code   RO         7161    i.gpio_irq0         gpio_irq_api.o
    0x0800cc98   0x00000008   Code   RO         7162    i.gpio_irq1         gpio_irq_api.o
    0x0800cca0   0x00000008   Code   RO         7163    i.gpio_irq2         gpio_irq_api.o
    0x0800cca8   0x00000008   Code   RO         7164    i.gpio_irq3         gpio_irq_api.o
    0x0800ccb0   0x00000008   Code   RO         7165    i.gpio_irq4         gpio_irq_api.o
    0x0800ccb8   0x00000008   Code   RO         7166    i.gpio_irq5         gpio_irq_api.o
    0x0800ccc0   0x00000008   Code   RO         7167    i.gpio_irq6         gpio_irq_api.o
    0x0800ccc8   0x00000020   Code   RO         7168    i.gpio_irq_disable  gpio_irq_api.o
    0x0800cce8   0x0000001c   Code   RO         7169    i.gpio_irq_enable   gpio_irq_api.o
    0x0800cd04   0x0000004c   Code   RO         7170    i.gpio_irq_free     gpio_irq_api.o
    0x0800cd50   0x00000144   Code   RO         7171    i.gpio_irq_init     gpio_irq_api.o
    0x0800ce94   0x00000072   Code   RO         7172    i.gpio_irq_set      gpio_irq_api.o
    0x0800cf06   0x00000008   Code   RO         7149    i.gpio_mode         gpio_api.o
    0x0800cf0e   0x00000002   PAD
    0x0800cf10   0x00000080   Code   RO         7173    i.handle_interrupt_in  gpio_irq_api.o
    0x0800cf90   0x00000084   Code   RO         8259    i.hci_le_read_local_version  ble_hci.o
    0x0800d014   0x00000056   Code   RO         8264    i.hci_le_set_advertise_enable  ble_hci.o
    0x0800d06a   0x00000056   Code   RO         8267    i.hci_le_set_random_address  ble_hci.o
    0x0800d0c0   0x000001ec   Code   RO         8278    i.hci_send_req      ble_hci.o
    0x0800d2ac   0x00000044   Code   RO         7462    i.init_spi          stm_spi_api.o
    0x0800d2f0   0x00000080   Code   RO         7368    i.init_uart         serial_api.o
    0x0800d370   0x0000000e   Code   RO         4232    i.isr_mbx_send      rt_Mailbox.o
    0x0800d37e   0x00000010   Code   RO         4275    i.isr_sem_send      rt_Semaphore.o
    0x0800d38e   0x00000006   Code   RO         8568    i.list_init_head    ble_list.o
    0x0800d394   0x0000000e   Code   RO         8569    i.list_insert_head  ble_list.o
    0x0800d3a2   0x0000000e   Code   RO         8572    i.list_insert_tail  ble_list.o
    0x0800d3b0   0x0000000c   Code   RO         8573    i.list_is_empty     ble_list.o
    0x0800d3bc   0x0000001e   Code   RO         8574    i.list_remove_head  ble_list.o
    0x0800d3da   0x00000002   PAD
    0x0800d3dc   0x000000c8   Code   RO         8736    i.main              main.o
    0x0800d4a4   0x00000054   Code   RO         3533    i.mbed_assert_internal  mbed_assert.o
    0x0800d4f8   0x000000a8   Code   RO         3541    i.mbed_die          mbed_board.o
    0x0800d5a0   0x00000054   Code   RO         3542    i.mbed_error_printf  mbed_board.o
    0x0800d5f4   0x0000004c   Code   RO         3543    i.mbed_error_vfprintf  mbed_board.o
    0x0800d640   0x00000002   Code   RO         3685    i.mbed_main         retarget.o
    0x0800d642   0x0000000e   Code   RO         7267    i.mbed_sdk_init     mbed_overrides.o
    0x0800d650   0x00000020   Code   RO         4006    i.osDelay           rt_CMSIS.o
    0x0800d670   0x0000002c   Code   RO         4007    i.osKernelInitialize  rt_CMSIS.o
    0x0800d69c   0x000000cc   Code   RO         4009    i.osKernelStart     rt_CMSIS.o
    0x0800d768   0x00000054   Code   RO         4020    i.osMutexCreate     rt_CMSIS.o
    0x0800d7bc   0x00000020   Code   RO         4022    i.osMutexRelease    rt_CMSIS.o
    0x0800d7dc   0x00000020   Code   RO         4023    i.osMutexWait       rt_CMSIS.o
    0x0800d7fc   0x0000005c   Code   RO         4028    i.osSemaphoreCreate  rt_CMSIS.o
    0x0800d858   0x00000020   Code   RO         4029    i.osSemaphoreDelete  rt_CMSIS.o
    0x0800d878   0x00000050   Code   RO         4030    i.osSemaphoreRelease  rt_CMSIS.o
    0x0800d8c8   0x00000020   Code   RO         4031    i.osSemaphoreWait   rt_CMSIS.o
    0x0800d8e8   0x00000094   Code   RO         4036    i.osThreadCreate    rt_CMSIS.o
    0x0800d97c   0x00000044   Code   RO         4037    i.osThreadExit      rt_CMSIS.o
    0x0800d9c0   0x00000048   Code   RO         4049    i.osTimerThread     rt_CMSIS.o
    0x0800da08   0x00000044   Code   RO         3945    i.os_error          RTX_Conf_CM.o
    0x0800da4c   0x00000004   Code   RO         3946    i.os_idle_demon     RTX_Conf_CM.o
    0x0800da50   0x00000028   Code   RO         4288    i.os_tick_init      rt_System.o
    0x0800da78   0x00000002   Code   RO         4289    i.os_tick_irqack    rt_System.o
    0x0800da7a   0x00000002   PAD
    0x0800da7c   0x000000a0   Code   RO         7277    i.pin_function      pinmap.o
    0x0800db1c   0x00000074   Code   RO         7278    i.pin_function_gpiomode  pinmap.o
    0x0800db90   0x0000008c   Code   RO         7279    i.pin_mode          pinmap.o
    0x0800dc1c   0x0000003c   Code   RO         3441    i.pinmap_merge      mbed_pinmap_common.o
    0x0800dc58   0x00000060   Code   RO         3442    i.pinmap_peripheral  mbed_pinmap_common.o
    0x0800dcb8   0x0000005c   Code   RO         3443    i.pinmap_pinout     mbed_pinmap_common.o
    0x0800dd14   0x00000034   Code   RO         3947    i.pre_main          RTX_Conf_CM.o
    0x0800dd48   0x0000001a   Code   RO         4247    i.rt_alloc_box      rt_MemBox.o
    0x0800dd62   0x00000002   PAD
    0x0800dd64   0x00000050   Code   RO         4313    i.rt_block          rt_Task.o
    0x0800ddb4   0x00000048   Code   RO         4270    i.rt_chk_robin      rt_Robin.o
    0x0800ddfc   0x000000c8   Code   RO         4210    i.rt_dec_dly        rt_List.o
    0x0800dec4   0x00000080   Code   RO         4314    i.rt_dispatch       rt_Task.o
    0x0800df44   0x00000006   Code   RO         4335    i.rt_dly_wait       rt_Time.o
    0x0800df4a   0x00000002   PAD
    0x0800df4c   0x00000054   Code   RO         4201    i.rt_evt_psh        rt_Event.o
    0x0800dfa0   0x0000002c   Code   RO         4248    i.rt_free_box       rt_MemBox.o
    0x0800dfcc   0x0000002a   Code   RO         4211    i.rt_get_first      rt_List.o
    0x0800dff6   0x00000002   PAD
    0x0800dff8   0x00000018   Code   RO         4271    i.rt_init_robin     rt_Robin.o
    0x0800e010   0x000000ec   Code   RO         3934    i.rt_init_stack     HAL_CM.o
    0x0800e0fc   0x00000008   Code   RO         4233    i.rt_mbx_check      rt_Mailbox.o
    0x0800e104   0x0000001a   Code   RO         4234    i.rt_mbx_init       rt_Mailbox.o
    0x0800e11e   0x00000002   PAD
    0x0800e120   0x00000114   Code   RO         4235    i.rt_mbx_psh        rt_Mailbox.o
    0x0800e234   0x000000b8   Code   RO         4237    i.rt_mbx_wait       rt_Mailbox.o
    0x0800e2ec   0x00000048   Code   RO         4053    i.rt_ms2tick        rt_CMSIS.o
    0x0800e334   0x00000010   Code   RO         4260    i.rt_mut_init       rt_Mutex.o
    0x0800e344   0x000000e4   Code   RO         4261    i.rt_mut_release    rt_Mutex.o
    0x0800e428   0x0000006c   Code   RO         4262    i.rt_mut_wait       rt_Mutex.o
    0x0800e494   0x00000080   Code   RO         4292    i.rt_pop_req        rt_System.o
    0x0800e514   0x00000020   Code   RO         4293    i.rt_psh_req        rt_System.o
    0x0800e534   0x0000005c   Code   RO         4213    i.rt_psq_enq        rt_List.o
    0x0800e590   0x00000068   Code   RO         4214    i.rt_put_dly        rt_List.o
    0x0800e5f8   0x00000042   Code   RO         4215    i.rt_put_prio       rt_List.o
    0x0800e63a   0x00000002   PAD
    0x0800e63c   0x00000014   Code   RO         4216    i.rt_put_rdy_first  rt_List.o
    0x0800e650   0x0000008c   Code   RO         4217    i.rt_resort_prio    rt_List.o
    0x0800e6dc   0x00000012   Code   RO         3935    i.rt_ret_val        HAL_CM.o
    0x0800e6ee   0x00000014   Code   RO         3936    i.rt_ret_val2       HAL_CM.o
    0x0800e702   0x0000002c   Code   RO         4218    i.rt_rmv_dly        rt_List.o
    0x0800e72e   0x00000002   PAD
    0x0800e730   0x00000030   Code   RO         4219    i.rt_rmv_list       rt_List.o
    0x0800e760   0x00000060   Code   RO         4276    i.rt_sem_delete     rt_Semaphore.o
    0x0800e7c0   0x0000000c   Code   RO         4277    i.rt_sem_init       rt_Semaphore.o
    0x0800e7cc   0x00000034   Code   RO         4278    i.rt_sem_psh        rt_Semaphore.o
    0x0800e800   0x0000002a   Code   RO         4279    i.rt_sem_send       rt_Semaphore.o
    0x0800e82a   0x00000002   PAD
    0x0800e82c   0x00000044   Code   RO         4280    i.rt_sem_wait       rt_Semaphore.o
    0x0800e870   0x00000024   Code   RO         4295    i.rt_stk_check      rt_System.o
    0x0800e894   0x00000024   Code   RO         4315    i.rt_switch_req     rt_Task.o
    0x0800e8b8   0x00000124   Code   RO         4316    i.rt_sys_init       rt_Task.o
    0x0800e9dc   0x00000080   Code   RO         4317    i.rt_sys_start      rt_Task.o
    0x0800ea5c   0x00000040   Code   RO         4297    i.rt_systick        rt_System.o
    0x0800ea9c   0x000000e0   Code   RO         4318    i.rt_tsk_create     rt_Task.o
    0x0800eb7c   0x0000016c   Code   RO         4319    i.rt_tsk_delete     rt_Task.o
    0x0800ece8   0x0000007c   Code   RO         4321    i.rt_tsk_prio       rt_Task.o
    0x0800ed64   0x00000010   Code   RO         4322    i.rt_tsk_self       rt_Task.o
    0x0800ed74   0x0000000c   Code   RO         3929    i.rtos_idle_loop    rtos_idle.o
    0x0800ed80   0x00000006   Code   RO         7369    i.serial_baud       serial_api.o
    0x0800ed86   0x00000002   PAD
    0x0800ed88   0x0000029c   Code   RO         7376    i.serial_init       serial_api.o
    0x0800f024   0x00000024   Code   RO         7380    i.serial_putc       serial_api.o
    0x0800f048   0x0000007c   Code   RO         8610    i.setVersionString  btle.o
    0x0800f0c4   0x0000003c   Code   RO         3948    i.set_stack_heap    RTX_Conf_CM.o
    0x0800f100   0x00000020   Code   RO         8653    i.signalEventsToProcess  stm32_bluenrg_ble.o
    0x0800f120   0x00000088   Code   RO         7466    i.spi_format        stm_spi_api.o
    0x0800f1a8   0x00000090   Code   RO         7468    i.spi_frequency     stm_spi_api.o
    0x0800f238   0x0000006c   Code   RO         7436    i.spi_get_clock_freq  spi_api.o
    0x0800f2a4   0x0000022c   Code   RO         7469    i.spi_init          stm_spi_api.o
    0x0800f4d0   0x00000044   Code   RO         7470    i.spi_irq_handler_asynch  stm_spi_api.o
    0x0800f514   0x000000a6   Code   RO         7471    i.spi_master_start_asynch_transfer  stm_spi_api.o
    0x0800f5ba   0x000000ca   Code   RO         7472    i.spi_master_transfer  stm_spi_api.o
    0x0800f684   0x0000002c   Code   RO         7473    i.spi_master_write  stm_spi_api.o
    0x0800f6b0   0x00000014   Code   RO         4055    i.svcDelay          rt_CMSIS.o
    0x0800f6c4   0x000000bc   Code   RO         4056    i.svcKernelInitialize  rt_CMSIS.o
    0x0800f780   0x0000000c   Code   RO         4057    i.svcKernelRunning  rt_CMSIS.o
    0x0800f78c   0x0000004c   Code   RO         4058    i.svcKernelStart    rt_CMSIS.o
    0x0800f7d8   0x00000044   Code   RO         4062    i.svcMessageGet     rt_CMSIS.o
    0x0800f81c   0x0000001e   Code   RO         4064    i.svcMutexCreate    rt_CMSIS.o
    0x0800f83a   0x00000022   Code   RO         4066    i.svcMutexRelease   rt_CMSIS.o
    0x0800f85c   0x00000038   Code   RO         4067    i.svcMutexWait      rt_CMSIS.o
    0x0800f894   0x00000026   Code   RO         4069    i.svcSemaphoreCreate  rt_CMSIS.o
    0x0800f8ba   0x0000001c   Code   RO         4070    i.svcSemaphoreDelete  rt_CMSIS.o
    0x0800f8d6   0x0000002a   Code   RO         4071    i.svcSemaphoreRelease  rt_CMSIS.o
    0x0800f900   0x00000032   Code   RO         4072    i.svcSemaphoreWait  rt_CMSIS.o
    0x0800f932   0x00000002   PAD
    0x0800f934   0x0000007c   Code   RO         4076    i.svcThreadCreate   rt_CMSIS.o
    0x0800f9b0   0x0000001c   Code   RO         4077    i.svcThreadGetId    rt_CMSIS.o
    0x0800f9cc   0x00000038   Code   RO         4081    i.svcThreadTerminate  rt_CMSIS.o
    0x0800fa04   0x0000001a   Code   RO         4083    i.svcTimerCall      rt_CMSIS.o
    0x0800fa1e   0x00000004   Code   RO         3950    i.sysThreadTerminate  RTX_Conf_CM.o
    0x0800fa22   0x00000002   PAD
    0x0800fa24   0x000000b0   Code   RO         4092    i.sysTimerTick      rt_CMSIS.o
    0x0800fad4   0x00000016   Code   RO         1559    i.sys_sem_signal    lwip_sys_arch.o
    0x0800faea   0x00000002   PAD
    0x0800faec   0x00000010   Code   RO         3870    i.thread_terminate_hook  Thread.o
    0x0800fafc   0x00000048   Code   RO         3457    i.ticker_insert_event  mbed_ticker_api.o
    0x0800fb44   0x0000004e   Code   RO         3458    i.ticker_irq_handler  mbed_ticker_api.o
    0x0800fb92   0x00000006   Code   RO         3459    i.ticker_read       mbed_ticker_api.o
    0x0800fb98   0x00000044   Code   RO         3460    i.ticker_remove_event  mbed_ticker_api.o
    0x0800fbdc   0x00000012   Code   RO         3461    i.ticker_set_handler  mbed_ticker_api.o
    0x0800fbee   0x00000002   PAD
    0x0800fbf0   0x00000064   Code   RO         4387    i.timer_irq_handler  hal_tick.o
    0x0800fc54   0x00000010   Code   RO         7444    i.us_ticker_clear_interrupt  us_ticker.o
    0x0800fc64   0x00000014   Code   RO         7445    i.us_ticker_disable_interrupt  us_ticker.o
    0x0800fc78   0x00000028   Code   RO         7446    i.us_ticker_init    us_ticker.o
    0x0800fca0   0x0000000c   Code   RO         3475    i.us_ticker_irq_handler  mbed_us_ticker_api.o
    0x0800fcac   0x00000030   Code   RO         7447    i.us_ticker_read    us_ticker.o
    0x0800fcdc   0x00000014   Code   RO         7448    i.us_ticker_set_interrupt  us_ticker.o
    0x0800fcf0   0x00000044   Code   RO         3646    i.wait_ms           mbed_wait_api_rtos.o
    0x0800fd34   0x00000040   Code   RO         3647    i.wait_us           mbed_wait_api_rtos.o
    0x0800fd74   0x0000002c   Code   RO         9489    locale$$code        c_w.l(lc_ctype_c.o)
    0x0800fda0   0x0000002c   Code   RO         9830    locale$$code        c_w.l(lc_numeric_c.o)
    0x0800fdcc   0x0000004c   Code   RO          337    t._ZN12SingletonPtrIN4rtos5MutexEEptEv  FileBase.o
    0x0800fe18   0x0000000c   Code   RO         7604    t._ZN26FunctionPointerWithContextIPK17DiscoveredServiceE14functioncallerEPKS3_S2_  BlueNRGDevice.o
    0x0800fe24   0x0000000c   Code   RO         8786    t._ZN26FunctionPointerWithContextIPK22GattReadCallbackParamsE14functioncallerEPKS3_S2_  main.o
    0x0800fe30   0x0000000c   Code   RO         7607    t._ZN26FunctionPointerWithContextIPK24DiscoveredCharacteristicE14functioncallerEPKS3_S2_  BlueNRGDevice.o
    0x0800fe3c   0x0000000c   Code   RO         7622    t._ZN26FunctionPointerWithContextIPKN33CharacteristicDescriptorDiscovery25DiscoveryCallbackParams_tEE14functioncallerEPKS4_S3_  BlueNRGDevice.o
    0x0800fe48   0x0000000c   Code   RO         7625    t._ZN26FunctionPointerWithContextIPKN33CharacteristicDescriptorDiscovery27TerminationCallbackParams_tEE14functioncallerEPKS4_S3_  BlueNRGDevice.o
    0x0800fe54   0x0000000c   Code   RO         8789    t._ZN26FunctionPointerWithContextIPKN3Gap26ConnectionCallbackParams_tEE14functioncallerEPKS4_S3_  main.o
    0x0800fe60   0x0000000c   Code   RO         7598    t._ZN26FunctionPointerWithContextIPKN3Gap29AdvertisementCallbackParams_tEE14functioncallerEPKS4_S3_  BlueNRGDevice.o
    0x0800fe6c   0x0000000c   Code   RO         8792    t._ZN26FunctionPointerWithContextIPKN3Gap29DisconnectionCallbackParams_tEE14functioncallerEPKS4_S3_  main.o
    0x0800fe78   0x0000000c   Code   RO         1346    t._ZN26FunctionPointerWithContextIPN3BLE32OnEventsToProcessCallbackContextEE14functioncallerEPKS3_S2_  BLE.o
    0x0800fe84   0x0000000c   Code   RO         8801    t._ZN26FunctionPointerWithContextIPN3BLE37InitializationCompleteCallbackContextEE14functioncallerEPKS3_S2_  main.o
    0x0800fe90   0x0000000c   Code   RO         7595    t._ZN26FunctionPointerWithContextIbE14functioncallerEPKS0_b  BlueNRGDevice.o
    0x0800fe9c   0x0000000c   Code   RO         7601    t._ZN26FunctionPointerWithContextItE14functioncallerEPKS0_t  BlueNRGDevice.o
    0x0800fea8   0x00000014   Code   RO        10002    t._ZN4__rw12__string_refIcSt11char_traitsIcESaIcEE10_C_inc_refEv  cpp_ws.l(char.o)
    0x0800febc   0x00000046   Code   RO         9630    t._ZN4__rw16__rw_facet_makerISt5ctypeIcEE13_C_maker_funcEiPKcj  cpp_ws.l(rwstdexcept.o)
    0x0800ff02   0x00000056   Code   RO        10253    t._ZN4__rw18__rw_locale_vectorIPNS_15__rw_facet_baseEE6resizeEjRKS2_  cpp_ws.l(locale.o)
    0x0800ff58   0x0000000e   Code   RO        10265    t._ZN4__rw18__rw_locale_vectorIPNS_15__rw_facet_baseEED1Ev  cpp_ws.l(locale.o)
    0x0800ff66   0x0000000e   Code   RO        10485    t._ZN4__rw18__rw_locale_vectorIPNS_8__rw_catEED1Ev  cpp_ws.l(rwcats.o)
    0x0800ff74   0x00000014   Code   RO        10268    t._ZN4__rw18__rw_locale_vectorISsED1Ev  cpp_ws.l(locale.o)
    0x0800ff88   0x00000088   Code   RO        10336    t._ZN4__rw18__rw_locale_vectorISt18__rw_open_cat_dataE6resizeEj  cpp_ws.l(messages.o)
    0x08010010   0x00000014   Code   RO        10342    t._ZN4__rw18__rw_locale_vectorISt18__rw_open_cat_dataED1Ev  cpp_ws.l(messages.o)
    0x08010024   0x00000570   Code   RO         7643    t._ZN4__rw9__rb_treeItSt4pairIKttENS_11__select1stIS3_tEESt4lessItESaIS3_EE5eraseENS_14__rw_tree_iterIS3_iPS3_RS3_NS_17__rw_rb_tree_nodeIS8_S3_tS5_EEEESF_  BlueNRGDevice.o
    0x08010594   0x00000022   Code   RO         7646    t._ZN4__rw9__rb_treeItSt4pairIKttENS_11__select1stIS3_tEESt4lessItESaIS3_EE8_C_eraseEPNS_17__rw_rb_tree_nodeIS8_S3_tS5_EE  BlueNRGDevice.o
    0x080105b6   0x0000001a   Code   RO          803    t._ZN4mbed11TransactionINS_3SPIEEC1Ev  SPI.o
    0x080105d0   0x00000016   Code   RO          812    t._ZN4mbed11TransactionINS_3SPIEED1Ev  SPI.o
    0x080105e6   0x00000002   PAD
    0x080105e8   0x00000018   Code   RO          809    t._ZN4mbed14CircularBufferINS_11TransactionINS_3SPIEEELj2EjED1Ev  SPI.o
    0x08010600   0x00000018   Code   RO         8805    t._ZN4mbed8CallbackIFvvEE13function_callINS2_14method_contextI3BLEMS5_FvvEEEEEvPKv  main.o
    0x08010618   0x00000004   Code   RO          289    t._ZN4mbed8CallbackIFvvEE13function_callIPS1_EEvPKv  CAN.o
    0x0801061c   0x00000002   Code   RO         8811    t._ZN4mbed8CallbackIFvvEE13function_dtorINS2_14method_contextI3BLEMS5_FvvEEEEEvPv  main.o
    0x0801061e   0x00000002   Code   RO          295    t._ZN4mbed8CallbackIFvvEE13function_dtorIPS1_EEvPv  CAN.o
    0x08010620   0x00000014   Code   RO         8808    t._ZN4mbed8CallbackIFvvEE13function_moveINS2_14method_contextI3BLEMS5_FvvEEEEEvPvPKv  main.o
    0x08010634   0x0000000a   Code   RO          292    t._ZN4mbed8CallbackIFvvEE13function_moveIPS1_EEvPvPKv  CAN.o
    0x0801063e   0x00000036   Code   RO          800    t._ZN6CThunkIN4mbed3SPIEE10trampolineEPS1_PvPMS1_FvS4_E  SPI.o
    0x08010674   0x00000028   Code   RO         8795    t._ZN6events10EventQueue13function_callIN4mbed8CallbackIFvvEEEEEvPv  main.o
    0x0801069c   0x00000004   Code   RO         8780    t._ZN6events10EventQueue13function_callIPFvvEEEvPv  main.o
    0x080106a0   0x0000000c   Code   RO         8798    t._ZN6events10EventQueue13function_dtorIN4mbed8CallbackIFvvEEEEEvPv  main.o
    0x080106ac   0x00000002   Code   RO         8783    t._ZN6events10EventQueue13function_dtorIPFvvEEEvPv  main.o
    0x080106ae   0x00000002   PAD
    0x080106b0   0x00000090   Code   RO         9602    t._ZNKSt8messagesIcE6do_getEiiiRKSs  cpp_ws.l(rwstdexcept.o)
    0x08010740   0x00000006   Code   RO         9627    t._ZNKSt8messagesIcE7do_openERKSsRKSt6locale  cpp_ws.l(rwstdexcept.o)
    0x08010746   0x00000032   Code   RO        10222    t._ZNSs11_C_allocateEjjj  cpp_ws.l(locale.o)
    0x08010778   0x00000018   Code   RO        10262    t._ZNSs7replaceEjjPKcj  cpp_ws.l(locale.o)
    0x08010790   0x00000168   Code   RO         9940    t._ZNSs7replaceEjjPKcjjj  cpp_ws.l(char.o)
    0x080108f8   0x00000074   Code   RO         9928    t._ZNSs9_C_getRepEjj  cpp_ws.l(char.o)
    0x0801096c   0x00000048   Code   RO         9937    t._ZNSs9_C_unlinkEv  cpp_ws.l(char.o)
    0x080109b4   0x00000038   Code   RO        10225    t._ZNSsC1EPKcRKSaIcE  cpp_ws.l(locale.o)
    0x080109ec   0x00000010   Code   RO        10259    t._ZNSsC1ERKSaIcE   cpp_ws.l(locale.o)
    0x080109fc   0x0000003e   Code   RO         9931    t._ZNSsC1ERKSs      cpp_ws.l(char.o)
    0x08010a3a   0x0000000c   Code   RO        10011    t._ZNSsD1Ev         cpp_ws.l(char.o)
    0x08010a46   0x00000002   PAD
    0x08010a48   0x0000004c   Code   RO        10231    t._ZNSsaSEPKc       cpp_ws.l(locale.o)
    0x08010a94   0x0000003e   Code   RO        10228    t._ZNSsaSERKSs      cpp_ws.l(locale.o)
    0x08010ad2   0x0000000c   Code   RO        10005    t._ZSt3maxIjERKT_S2_S2_  cpp_ws.l(char.o)
    0x08010ade   0x00000002   PAD
    0x08010ae0   0x00000062   Code   RO         9333    x$fpl$d2f           fz_wm.l(d2f.o)
    0x08010b42   0x00000002   PAD
    0x08010b44   0x00000010   Code   RO        10697    x$fpl$dcheck1       fz_wm.l(dcheck1.o)
    0x08010b54   0x00000018   Code   RO         9714    x$fpl$dcmpinf       fz_wm.l(dcmpi.o)
    0x08010b6c   0x000002b0   Code   RO         9342    x$fpl$ddiv          fz_wm.l(ddiv.o)
    0x08010e1c   0x00000078   Code   RO        10638    x$fpl$deqf          fz_wm.l(deqf.o)
    0x08010e94   0x0000005a   Code   RO         9345    x$fpl$dfixu         fz_wm.l(dfixu.o)
    0x08010eee   0x00000026   Code   RO         9349    x$fpl$dfltu         fz_wm.l(dflt_clz.o)
    0x08010f14   0x00000078   Code   RO         9355    x$fpl$dleqf         fz_wm.l(dleqf.o)
    0x08010f8c   0x00000154   Code   RO         9357    x$fpl$dmul          fz_wm.l(dmul.o)
    0x080110e0   0x0000009c   Code   RO         9716    x$fpl$dnaninf       fz_wm.l(dnaninf.o)
    0x0801117c   0x0000000c   Code   RO         9718    x$fpl$dretinf       fz_wm.l(dretinf.o)
    0x08011188   0x0000006c   Code   RO         9359    x$fpl$drleqf        fz_wm.l(drleqf.o)
    0x080111f4   0x0000000a   Code   RO        10402    x$fpl$fpinit        fz_wm.l(fpinit.o)
    0x080111fe   0x0000000a   Code   RO         9720    x$fpl$fretinf       fz_wm.l(fretinf.o)
    0x08011208   0x00000004   Code   RO         9361    x$fpl$printf1       fz_wm.l(printf1.o)
    0x0801120c   0x00000004   Code   RO         9722    x$fpl$printf2       fz_wm.l(printf2.o)
    0x08011210   0x00000064   Code   RO        10699    x$fpl$retnan        fz_wm.l(retnan.o)
    0x08011274   0x0000005c   Code   RO        10680    x$fpl$scalbn        fz_wm.l(scalbn.o)
    0x080112d0   0x00000004   Code   RO         9728    x$fpl$scanf1        fz_wm.l(scanf1.o)
    0x080112d4   0x00000008   Code   RO        10590    x$fpl$scanf2        fz_wm.l(scanf2.o)
    0x080112dc   0x00000030   Code   RO        10701    x$fpl$trapveneer    fz_wm.l(trapv.o)
    0x0801130c   0x00000000   Code   RO         9730    x$fpl$usenofp       fz_wm.l(usenofp.o)
    0x0801130c   0x00000010   Data   RO          767    .constdata          SPI.o
    0x0801131c   0x00000014   Data   RO         1325    .constdata          BLE.o
    0x08011330   0x00000014   Data   RO         3476    .constdata          mbed_us_ticker_api.o
    0x08011344   0x00000008   Data   RO         3477    .constdata          mbed_us_ticker_api.o
    0x0801134c   0x00000017   Data   RO         3735    .constdata          retarget.o
    0x08011363   0x00000001   PAD
    0x08011364   0x00000002   Data   RO         3960    .constdata          RTX_Conf_CM.o
    0x08011366   0x00000002   PAD
    0x08011368   0x00000004   Data   RO         3961    .constdata          RTX_Conf_CM.o
    0x0801136c   0x00000004   Data   RO         3962    .constdata          RTX_Conf_CM.o
    0x08011370   0x00000004   Data   RO         3966    .constdata          RTX_Conf_CM.o
    0x08011374   0x00000001   Data   RO         3967    .constdata          RTX_Conf_CM.o
    0x08011375   0x00000003   PAD
    0x08011378   0x00000014   Data   RO         3968    .constdata          RTX_Conf_CM.o
    0x0801138c   0x00000002   Data   RO         3969    .constdata          RTX_Conf_CM.o
    0x0801138e   0x00000002   PAD
    0x08011390   0x00000004   Data   RO         3970    .constdata          RTX_Conf_CM.o
    0x08011394   0x00000001   Data   RO         3971    .constdata          RTX_Conf_CM.o
    0x08011395   0x00000003   PAD
    0x08011398   0x00000014   Data   RO         3972    .constdata          RTX_Conf_CM.o
    0x080113ac   0x00000008   Data   RO         3973    .constdata          RTX_Conf_CM.o
    0x080113b4   0x00000002   Data   RO         3974    .constdata          RTX_Conf_CM.o
    0x080113b6   0x00000002   PAD
    0x080113b8   0x00000004   Data   RO         4096    .constdata          rt_CMSIS.o
    0x080113bc   0x0000009c   Data   RO         4352    .constdata          PeripheralPins.o
    0x08011458   0x00000090   Data   RO         4353    .constdata          PeripheralPins.o
    0x080114e8   0x00000090   Data   RO         4356    .constdata          PeripheralPins.o
    0x08011578   0x0000006c   Data   RO         4357    .constdata          PeripheralPins.o
    0x080115e4   0x00000078   Data   RO         4358    .constdata          PeripheralPins.o
    0x0801165c   0x0000006c   Data   RO         4359    .constdata          PeripheralPins.o
    0x080116c8   0x00000010   Data   RO         4403    .constdata          system_stm32f4xx.o
    0x080116d8   0x00000010   Data   RO         5909    .constdata          stm32f4xx_hal_rcc.o
    0x080116e8   0x00000034   Data   RO         7280    .constdata          pinmap.o
    0x0801171c   0x00000010   Data   RO         7477    .constdata          stm_spi_api.o
    0x0801172c   0x00000008   Data   RO         7556    .constdata          BlueNRGDevice.o
    0x08011734   0x00000010   Data   RO         8145    .constdata          BlueNRGGattClient.o
    0x08011744   0x00000020   Data   RO         8211    .constdata          BlueNRGGattServer.o
    0x08011764   0x00000004   Data   RO         8596    .constdata          ble_clock.o
    0x08011768   0x00000010   Data   RO         8752    .constdata          main.o
    0x08011778   0x00000028   Data   RO         8934    .constdata          c_w.l(_printf_hex_int_ll_ptr.o)
    0x080117a0   0x00000011   Data   RO         8954    .constdata          c_w.l(__printf_flags_ss_wp.o)
    0x080117b1   0x00000003   PAD
    0x080117b4   0x00000008   Data   RO         9422    .constdata          c_w.l(_printf_wctomb.o)
    0x080117bc   0x0000005c   Data   RO         9577    .constdata          cpp_ws.l(rwstdexcept.o)
    0x08011818   0x00000026   Data   RO         9754    .constdata          c_w.l(_printf_fp_hex.o)
    0x0801183e   0x00000002   PAD
    0x08011840   0x00000094   Data   RO         9775    .constdata          c_w.l(bigflt0.o)
    0x080118d4   0x00000200   Data   RO         9907    .constdata          cpp_ws.l(char.o)
    0x08011ad4   0x0000008c   Data   RO         8089    .constdata__ZTV10BlueNRGGap  BlueNRGGap.o
    0x08011b60   0x00000038   Data   RO         7656    .constdata__ZTV10GattClient  BlueNRGDevice.o
    0x08011b98   0x0000002c   Data   RO         7654    .constdata__ZTV10GattServer  BlueNRGDevice.o
    0x08011bc4   0x00000044   Data   RO         7585    .constdata__ZTV13BlueNRGDevice  BlueNRGDevice.o
    0x08011c08   0x00000038   Data   RO         8172    .constdata__ZTV17BlueNRGGattClient  BlueNRGGattClient.o
    0x08011c40   0x00000030   Data   RO         8232    .constdata__ZTV17BlueNRGGattServer  BlueNRGGattServer.o
    0x08011c70   0x00000010   Data   RO         7652    .constdata__ZTV38CallChainOfFunctionPointersWithContextIN3Gap15TimeoutSource_tEE  BlueNRGDevice.o
    0x08011c80   0x00000010   Data   RO         7674    .constdata__ZTV38CallChainOfFunctionPointersWithContextIPK10GattClientE  BlueNRGDevice.o
    0x08011c90   0x00000010   Data   RO         7672    .constdata__ZTV38CallChainOfFunctionPointersWithContextIPK10GattServerE  BlueNRGDevice.o
    0x08011ca0   0x00000010   Data   RO         7658    .constdata__ZTV38CallChainOfFunctionPointersWithContextIPK21GattHVXCallbackParamsE  BlueNRGDevice.o
    0x08011cb0   0x00000010   Data   RO         7670    .constdata__ZTV38CallChainOfFunctionPointersWithContextIPK22GattReadCallbackParamsE  BlueNRGDevice.o
    0x08011cc0   0x00000010   Data   RO         7668    .constdata__ZTV38CallChainOfFunctionPointersWithContextIPK23GattWriteCallbackParamsE  BlueNRGDevice.o
    0x08011cd0   0x00000010   Data   RO         7664    .constdata__ZTV38CallChainOfFunctionPointersWithContextIPK3GapE  BlueNRGDevice.o
    0x08011ce0   0x00000010   Data   RO         7660    .constdata__ZTV38CallChainOfFunctionPointersWithContextIPKN3Gap26ConnectionCallbackParams_tEE  BlueNRGDevice.o
    0x08011cf0   0x00000010   Data   RO         7662    .constdata__ZTV38CallChainOfFunctionPointersWithContextIPKN3Gap29DisconnectionCallbackParams_tEE  BlueNRGDevice.o
    0x08011d00   0x00000010   Data   RO         7666    .constdata__ZTV38CallChainOfFunctionPointersWithContextIjE  BlueNRGDevice.o
    0x08011d10   0x0000008c   Data   RO         7650    .constdata__ZTV3Gap  BlueNRGDevice.o
    0x08011d9c   0x00000014   Data   RO         1156    .constdata__ZTVN4mbed10TimerEventE  TimerEvent.o
    0x08011db0   0x00000010   Data   RO          630    .constdata__ZTVN4mbed11InterruptInE  InterruptIn.o
    0x08011dc0   0x0000001c   Data   RO          796    .constdata__ZTVN4mbed3SPIE  SPI.o
    0x08011ddc   0x00000014   Data   RO         1063    .constdata__ZTVN4mbed6TickerE  Ticker.o
    0x08011df0   0x00000014   Data   RO         1082    .constdata__ZTVN4mbed7TimeoutE  Timeout.o
    0x08011e04   0x00000014   Data   RO         9653    .constdata__ZTVNSt6locale5facetE  cpp_ws.l(rwstdexcept.o)
    0x08011e18   0x00000034   Data   RO        10089    .constdata__ZTVSt12ctype_bynameIcE  cpp_ws.l(char.o)
    0x08011e4c   0x00000014   Data   RO         9655    .constdata__ZTVSt14__rw_exception  cpp_ws.l(rwstdexcept.o)
    0x08011e60   0x00000034   Data   RO         9918    .constdata__ZTVSt5ctypeIcE  cpp_ws.l(char.o)
    0x08011e94   0x00000020   Data   RO         9590    .constdata__ZTVSt8messagesIcE  cpp_ws.l(rwstdexcept.o)
    0x08011eb4   0x00000014   Data   RO        10377    .constdata__ZTVSt9exception  cpprt_w.l(exception_dtor.o)
    0x08011ec8   0x00000014   Data   RO          335    .constdata__ZZN12SingletonPtrIN4rtos5MutexEE3getEvEs  FileBase.o
    0x08011edc   0x00000022   Data   RO          336    .constdata__ZZN12SingletonPtrIN4rtos5MutexEE3getEvEs_0  FileBase.o
    0x08011efe   0x00000002   PAD
    0x08011f00   0x0000000c   Data   RO         8804    .constdata__ZZN4mbed8CallbackIFvvEE8generateINS2_14method_contextI3BLEMS5_FvvEEEEEvRKT_E3ops  main.o
    0x08011f0c   0x0000000c   Data   RO          287    .constdata__ZZN4mbed8CallbackIFvvEE8generateIPS1_EEvRKT_E3ops  CAN.o
    0x08011f18   0x00000001   Data   RO        10219    .constdata__ZZNK4__rw15__rw_locale_imp16_C_category_nameEiEs  cpp_ws.l(locale.o)
    0x08011f19   0x00000005   Data   RO          281    .constdata__ZZNK4mbed8CallbackIFvvEE4callEvEs  CAN.o
    0x08011f1e   0x0000001e   Data   RO          282    .constdata__ZZNK4mbed8CallbackIFvvEE4callEvEs_0  CAN.o
    0x08011f3c   0x00000001   Data   RO         9926    .constdata__ZZNSs7replaceEjjPKcjjjEs  cpp_ws.l(char.o)
    0x08011f3d   0x00000001   Data   RO         9927    .constdata__ZZNSs9_C_getRepEjjEs  cpp_ws.l(char.o)
    0x08011f3e   0x00000002   Data   RO         9591    .constdata__ZZNSt8messagesIcEC1EjEs  cpp_ws.l(rwstdexcept.o)
    0x08011f40   0x0000005f   Data   RO         8753    .conststring        main.o
    0x08011f9f   0x00000001   PAD
    0x08011fa0   0x00000272   Data   RO         9578    .conststring        cpp_ws.l(rwstdexcept.o)
    0x08012212   0x00000002   PAD
    0x08012214   0x00000020   Data   RO        10703    Region$$Table       anon$$obj.o
    0x08012234   0x00000008   Data   RO        10587    c$$dinf             fz_wm.l(fpconst.o)
    0x0801223c   0x00000110   Data   RO         9488    locale$$data        c_w.l(lc_ctype_c.o)
    0x0801234c   0x0000001c   Data   RO         9829    locale$$data        c_w.l(lc_numeric_c.o)
    0x08012368   0x00000010   Data   RO        10650    locale$$data        c_w.l(null_locale.o)
    0x08012378   0x00000004   Data   RO          769    .init_array         SPI.o
    0x0801237c   0x00000004   Data   RO         7557    .init_array         BlueNRGDevice.o
    0x08012380   0x00000004   Data   RO         8755    .init_array         main.o
    0x08012384   0x00000000   Data   RO         9051    .init_array         c_w.l(init_aeabi.o)
    0x08012384   0x00000004   Data   RO         9909    .init_array         cpp_ws.l(char.o)
    0x08012388   0x00000004   Data   RO        10202    .init_array         cpp_ws.l(locale.o)
    0x0801238c   0x00000004   Data   RO        10479    .init_array         cpp_ws.l(rwcats.o)


    Execution Region RW_IRAM1 (Base: 0x200001ac, Size: 0x00008660, Max: 0x0002fe54, ABSOLUTE, COMPRESSED[0x0000004c])

    Base Addr    Size         Type   Attr      Idx    E Section Name        Object

    0x200001ac   0x00000004   Data   RW          322    .data               FileBase.o
    0x200001b0   0x00000004   Data   RW          768    .data               SPI.o
    0x200001b4   0x00000008   Data   RW         1258    .data               equeue_mbed.o
    0x200001bc   0x0000000c   Data   RW         1326    .data               BLE.o
    0x200001c8   0x00000008   Data   RW         3478    .data               mbed_us_ticker_api.o
    0x200001d0   0x00000008   Data   RW         3568    .data               mbed_critical.o
    0x200001d8   0x00000004   Data   RW         3736    .data               retarget.o
    0x200001dc   0x00000004   Data   RW         3737    .data               retarget.o
    0x200001e0   0x00000004   Data   RW         3895    .data               Thread.o
    0x200001e4   0x00000004   Data   RW         3930    .data               rtos_idle.o
    0x200001e8   0x00000004   Data   RW         3976    .data               RTX_Conf_CM.o
    0x200001ec   0x00000014   Data   RW         3977    .data               RTX_Conf_CM.o
    0x20000200   0x00000010   Data   RW         3978    .data               RTX_Conf_CM.o
    0x20000210   0x00000004   Data   RW         3979    .data               RTX_Conf_CM.o
    0x20000214   0x00000004   Data   RW         3980    .data               RTX_Conf_CM.o
    0x20000218   0x00000010   Data   RW         4097    .data               rt_CMSIS.o
    0x20000228   0x00000008   Data   RW         4268    .data               rt_OsEventObserver.o
    0x20000230   0x00000008   Data   RW         4272    .data               rt_Robin.o
    0x20000238   0x00000008   Data   RW         4300    .data               rt_System.o
    0x20000240   0x00000008   Data   RW         4324    .data               rt_Task.o
    0x20000248   0x00000004   Data   RW         4339    .data               rt_Time.o
    0x2000024c   0x00000004   Data   RW         4389    .data               hal_tick.o
    0x20000250   0x00000004   Data   RW         4404    .data               system_stm32f4xx.o
    0x20000254   0x0000000c   Data   RW         4473    .data               can_api.o
    0x20000260   0x00000004   Data   RW         4524    .data               stm32f4xx_hal.o
    0x20000264   0x00000044   Data   RW         7175    .data               gpio_irq_api.o
    0x200002a8   0x00000008   Data   RW         7394    .data               serial_api.o
    0x200002b0   0x00000004   Data   RW         7450    .data               us_ticker.o
    0x200002b4   0x00000008   Data   RW         8146    .data               BlueNRGGattClient.o
    0x200002bc   0x00000014   Data   RW         8282    .data               ble_hci.o
    0x200002d0   0x00000010   Data   RW         8620    .data               btle.o
    0x200002e0   0x00000001   Data   RW         8754    .data               main.o
    0x200002e1   0x00000003   PAD
    0x200002e4   0x00000004   Data   RW         8992    .data               c_w.l(stdio_streams.o)
    0x200002e8   0x00000004   Data   RW         8993    .data               c_w.l(stdio_streams.o)
    0x200002ec   0x00000004   Data   RW         8994    .data               c_w.l(stdio_streams.o)
    0x200002f0   0x00000004   Data   RW         9479    .data               c_w.l(streamlock.o)
    0x200002f4   0x00000017   Data   RW         9579    .data               cpp_ws.l(rwstdexcept.o)
    0x2000030b   0x00000001   PAD
    0x2000030c   0x00000008   Data   RW         9908    .data               cpp_ws.l(char.o)
    0x20000314   0x0000001c   Data   RW        10201    .data               cpp_ws.l(locale.o)
    0x20000330   0x00000004   Data   RW        10360    .data               cpp_ws.l(rwthrowproc_noex.o)
    0x20000334   0x00000008   Data   RW        10478    .data               cpp_ws.l(rwcats.o)
    0x2000033c   0x00000004   Data   RW         7676    .data__ZZN10BlueNRGGap11getInstanceEvE10m_instance  BlueNRGDevice.o
    0x20000340   0x00000004   Data   RW         7680    .data__ZZN17BlueNRGGattClient11getInstanceEvE10m_instance  BlueNRGDevice.o
    0x20000344   0x00000004   Data   RW         7678    .data__ZZN17BlueNRGGattServer11getInstanceEvE10m_instance  BlueNRGDevice.o
    0x20000348   0x00000004   Data   RW        10302    .data__ZZNKSt6locale2id7_C_initEvE9_C_id_gen  cpp_ws.l(locale.o)
    0x2000034c   0x0000000c   Data   RW        10358    .data__ZZSt13__rw_get_catsvE11__open_cats  cpp_ws.l(messages.o)
    0x20000358   0x0000001c   Zero   RW          321    .bss                FileBase.o
    0x20000374   0x00000080   Zero   RW          766    .bss                SPI.o
    0x200003f4   0x00000038   Zero   RW         1257    .bss                equeue_mbed.o
    0x2000042c   0x0000001c   Zero   RW         1324    .bss                BLE.o
    0x20000448   0x00003110   Zero   RW         1521    .bss                stm32xx_emac.o
    0x20003558   0x0000001c   Zero   RW         3627    .bss                mbed_rtc_time.o
    0x20003574   0x0000005c   Zero   RW         3734    .bss                retarget.o
    0x200035d0   0x00000020   Zero   RW         3951    .bss                RTX_Conf_CM.o
    0x200035f0   0x00000010   Zero   RW         3952    .bss                RTX_Conf_CM.o
    0x20003600   0x000003cc   Zero   RW         3953    .bss                RTX_Conf_CM.o
    0x200039cc   0x00000004   PAD
    0x200039d0   0x00000210   Zero   RW         3954    .bss                RTX_Conf_CM.o
    0x20003be0   0x00000084   Zero   RW         3955    .bss                RTX_Conf_CM.o
    0x20003c64   0x0000003c   Zero   RW         3956    .bss                RTX_Conf_CM.o
    0x20003ca0   0x00000320   Zero   RW         3957    .bss                RTX_Conf_CM.o
    0x20003fc0   0x00000660   Zero   RW         3958    .bss                RTX_Conf_CM.o
    0x20004620   0x00001000   Zero   RW         3959    .bss                RTX_Conf_CM.o
    0x20005620   0x00000010   Zero   RW         4095    .bss                rt_CMSIS.o
    0x20005630   0x00000030   Zero   RW         4220    .bss                rt_List.o
    0x20005660   0x00000040   Zero   RW         4323    .bss                rt_Task.o
    0x200056a0   0x0000003c   Zero   RW         4388    .bss                hal_tick.o
    0x200056dc   0x00000040   Zero   RW         4471    .bss                can_api.o
    0x2000571c   0x00000214   Zero   RW         7174    .bss                gpio_irq_api.o
    0x20005930   0x00000244   Zero   RW         7393    .bss                serial_api.o
    0x20005b74   0x0000003c   Zero   RW         7449    .bss                us_ticker.o
    0x20005bb0   0x00000148   Zero   RW         7555    .bss                BlueNRGDevice.o
    0x20005cf8   0x00002300   Zero   RW         8281    .bss                ble_hci.o
    0x20007ff8   0x00000020   Zero   RW         8619    .bss                btle.o
    0x20008018   0x000000b0   Zero   RW         8751    .bss                main.o
    0x200080c8   0x00000060   Zero   RW         8817    .bss                c_w.l(libspace.o)
    0x20008128   0x00000054   Zero   RW         8989    .bss                c_w.l(stdio_streams.o)
    0x2000817c   0x00000054   Zero   RW         8990    .bss                c_w.l(stdio_streams.o)
    0x200081d0   0x00000054   Zero   RW         8991    .bss                c_w.l(stdio_streams.o)
    0x20008224   0x00000004   PAD
    0x20008228   0x00000018   Zero   RW         9576    .bss                cpp_ws.l(rwstdexcept.o)
    0x20008240   0x0000002a   Zero   RW        10429    .bss                c_w.l(locale.o)
    0x2000826a   0x00000002   PAD
    0x2000826c   0x00000010   Zero   RW        10552    .bss__ZNSs9__nullrefE  cpp_ws.l(vendor.o)
    0x2000827c   0x00000158   Zero   RW         7677    .bss__ZZN10BlueNRGGap11getInstanceEvE10m_instance  BlueNRGDevice.o
    0x200083d4   0x00000364   Zero   RW         7681    .bss__ZZN17BlueNRGGattClient11getInstanceEvE10m_instance  BlueNRGDevice.o
    0x20008738   0x000000d4   Zero   RW         7679    .bss__ZZN17BlueNRGGattServer11getInstanceEvE10m_instance  BlueNRGDevice.o


==============================================================================

Image component sizes


      Code (inc. data)   RO Data    RW Data    ZI Data      Debug   

     44602       4548       2631        324      33536      62364   Object Totals
         0          0         32          0          0          0   (incl. Generated)
        78          0         16          3          4          0   (incl. Padding)
     25382       1268       2025        104        436      21576   Library Totals
        64          6          7          1          6          0   (incl. Padding)

==============================================================================


      Code (inc. data)   RO Data    RW Data    ZI Data      Debug   

     69984       5816       4656        428      33972      22376   Grand Totals
     69984       5816       4656         76      33972      22376   ELF Image Totals (compressed)
     69984       5816       4656         76          0          0   ROM Totals

==============================================================================

    Total RO  Size (Code + RO Data)                74640 (  72.89kB)
    Total RW  Size (RW Data + ZI Data)             34400 (  33.59kB)
    Total ROM Size (Code + RO Data + RW Data)      74716 (  72.96kB)

==============================================================================

